Component: ARM Compiler 5.06 update 7 (build 960) Tool: armlink [4d3601]

==============================================================================

Section Cross References

    main.o(i.flash_cali) refers to bsp_flash.o(i.BSP_FLASH_READ) for BSP_FLASH_READ
    main.o(i.flash_cali) refers to bsp_flash.o(.bss) for cali_param
    main.o(i.main) refers to chassis_task.o(i.chassis_param_init) for chassis_param_init
    main.o(i.main) refers to detect_task.o(i.detect_param_init) for detect_param_init
    main.o(i.main) refers to judge_rx_data.o(i.judgement_rx_param_init) for judgement_rx_param_init
    main.o(i.main) refers to judge_tx_data.o(i.judgement_tx_param_init) for judgement_tx_param_init
    main.o(i.main) refers to pc_rx_data.o(i.pc_rx_param_init) for pc_rx_param_init
    main.o(i.main) refers to pc_tx_data.o(i.pc_tx_param_init) for pc_tx_param_init
    main.o(i.main) refers to delay.o(i.SysTick_Init) for SysTick_Init
    main.o(i.main) refers to misc.o(i.NVIC_PriorityGroupConfig) for NVIC_PriorityGroupConfig
    main.o(i.main) refers to stm32_tim_base.o(i.TIM_BASE_Init) for TIM_BASE_Init
    main.o(i.main) refers to gpio.o(i.GPIO_INIT) for GPIO_INIT
    main.o(i.main) refers to tim.o(i.TIM5_DEVICE) for TIM5_DEVICE
    main.o(i.main) refers to tim.o(i.TIM4_DEVICE) for TIM4_DEVICE
    main.o(i.main) refers to tim.o(i.TIM2_DEVICE) for TIM2_DEVICE
    main.o(i.main) refers to can.o(i.CAN1_DEVICE) for CAN1_DEVICE
    main.o(i.main) refers to can.o(i.CAN2_DEVICE) for CAN2_DEVICE
    main.o(i.main) refers to usart.o(i.USART1_DEVICE) for USART1_DEVICE
    main.o(i.main) refers to usart.o(i.USART3_DEVICE) for USART3_DEVICE
    main.o(i.main) refers to usart.o(i.USART6_DEVICE) for USART6_DEVICE
    main.o(i.main) refers to usart.o(i.UART8_DEVICE) for UART8_DEVICE
    main.o(i.main) refers to usart.o(i.UART7_DEVICE) for UART7_DEVICE
    main.o(i.main) refers to spi.o(i.SPI_DEVICE) for SPI_DEVICE
    main.o(i.main) refers to tim.o(i.SERVO_INIT) for SERVO_INIT
    main.o(i.main) refers to start_task.o(i.TASK_START) for TASK_START
    main.o(i.main) refers to tasks.o(i.vTaskStartScheduler) for vTaskStartScheduler
    stm32f4xx_it.o(i.SysTick_Handler) refers to tasks.o(i.xTaskGetSchedulerState) for xTaskGetSchedulerState
    stm32f4xx_it.o(i.SysTick_Handler) refers to port.o(i.xPortSysTickHandler) for xPortSysTickHandler
    system_stm32f4xx.o(i.SystemCoreClockUpdate) refers to system_stm32f4xx.o(.data) for .data
    system_stm32f4xx.o(i.SystemInit) refers to system_stm32f4xx.o(i.SetSysClock) for SetSysClock
    start_task.o(i.TASK_START) refers to tasks.o(i.xTaskCreate) for xTaskCreate
    start_task.o(i.TASK_START) refers to start_task.o(.data) for .data
    start_task.o(i.TASK_START) refers to start_task.o(i.start_task) for start_task
    start_task.o(i.start_task) refers to port.o(i.vPortEnterCritical) for vPortEnterCritical
    start_task.o(i.start_task) refers to tasks.o(i.xTaskCreate) for xTaskCreate
    start_task.o(i.start_task) refers to tasks.o(i.vTaskDelete) for vTaskDelete
    start_task.o(i.start_task) refers to port.o(i.vPortExitCritical) for vPortExitCritical
    start_task.o(i.start_task) refers to start_task.o(.data) for .data
    start_task.o(i.start_task) refers to chassis_task.o(i.chassis_task) for chassis_task
    start_task.o(i.start_task) refers to motor_task.o(i.Motor_task) for Motor_task
    start_task.o(i.start_task) refers to comm_8010_task.o(i.coom_8010_task) for coom_8010_task
    start_task.o(i.start_task) refers to comm_task.o(i.can_msg_send_task) for can_msg_send_task
    start_task.o(i.start_task) refers to modeswitch_task.o(i.mode_switch_task) for mode_switch_task
    start_task.o(i.start_task) refers to info_get_task.o(i.info_get_task) for info_get_task
    start_task.o(i.start_task) refers to detect_task.o(i.detect_task) for detect_task
    start_task.o(i.start_task) refers to imu_task.o(i.imu_task) for imu_task
    start_task.o(i.start_task) refers to judge_task.o(i.judge_tx_task) for judge_tx_task
    start_task.o(i.start_task) refers to judge_task.o(i.judge_rx_task) for judge_rx_task
    stm32_tim_base.o(i.HAL_GetTick) refers to stm32_tim_base.o(.data) for .data
    stm32_tim_base.o(i.HAL_IncTick) refers to stm32_tim_base.o(.data) for .data
    stm32_tim_base.o(i.TIM3_IRQHandler) refers to stm32f4xx_tim.o(i.TIM_GetITStatus) for TIM_GetITStatus
    stm32_tim_base.o(i.TIM3_IRQHandler) refers to stm32_tim_base.o(i.HAL_IncTick) for HAL_IncTick
    stm32_tim_base.o(i.TIM3_IRQHandler) refers to stm32f4xx_tim.o(i.TIM_ClearITPendingBit) for TIM_ClearITPendingBit
    stm32_tim_base.o(i.TIM_BASE_Init) refers to stm32f4xx_rcc.o(i.RCC_APB1PeriphClockCmd) for RCC_APB1PeriphClockCmd
    stm32_tim_base.o(i.TIM_BASE_Init) refers to stm32f4xx_tim.o(i.TIM_TimeBaseInit) for TIM_TimeBaseInit
    stm32_tim_base.o(i.TIM_BASE_Init) refers to stm32f4xx_tim.o(i.TIM_ITConfig) for TIM_ITConfig
[...]
    detect_task                              0x08007325   Thumb Code     6  detect_task.o(i.detect_task)
    dma_buffer_to_unpack_buffer              0x0800732b   Thumb Code    90  data_packet.o(i.dma_buffer_to_unpack_buffer)
    encoder_data_handler                     0x08007385   Thumb Code    92  bsp_can.o(i.encoder_data_handler)
    err_detector_hook                        0x080073e1   Thumb Code    18  detect_task.o(i.err_detector_hook)
    exchange_handler                         0x080073f9   Thumb Code   110  clamp.o(i.exchange_handler)
    fifo_s_get                               0x0800747d   Thumb Code    76  data_fifo.o(i.fifo_s_get)
    fifo_s_gets                              0x080074c9   Thumb Code   108  data_fifo.o(i.fifo_s_gets)
    fifo_s_init                              0x08007535   Thumb Code    46  data_fifo.o(i.fifo_s_init)
    fifo_s_puts                              0x08007563   Thumb Code    76  data_fifo.o(i.fifo_s_puts)
    fifo_used_count                          0x080075af   Thumb Code     8  data_fifo.o(i.fifo_used_count)
    get_8010_angle                           0x080075b9   Thumb Code    56  comm_8010_task.o(i.get_8010_angle)
    get_angle                                0x080075f5   Thumb Code   232  ahrs.o(i.get_angle)
    get_angle_field                          0x080076dd   Thumb Code     6  motor_task.o(i.get_angle_field)
    get_chassis_mode                         0x080076f5   Thumb Code   316  modeswitch_task.o(i.get_chassis_mode)
    get_crc16_check_sum                      0x08007845   Thumb Code    44  protocol.o(i.get_crc16_check_sum)
    get_crc8_check_sum                       0x08007875   Thumb Code    24  protocol.o(i.get_crc8_check_sum)
    get_last_mode                            0x080078f9   Thumb Code   114  modeswitch_task.o(i.get_last_mode)
    get_main_mode                            0x08007971   Thumb Code    40  modeswitch_task.o(i.get_main_mode)
    get_moto_offset                          0x080079a1   Thumb Code    14  bsp_can.o(i.get_moto_offset)
    go8010_receive                           0x08007a45   Thumb Code   252  motor_8010.o(i.go8010_receive)
    go_8010_init                             0x08007b69   Thumb Code    44  comm_8010_task.o(i.go_8010_init)
    go_8010_init_task                        0x08007b9d   Thumb Code   102  comm_8010_task.o(i.go_8010_init_task)
    go_8010_stop                             0x08007c09   Thumb Code    48  comm_8010_task.o(i.go_8010_stop)
    go_8010_test_tesk1                       0x08007c41   Thumb Code    28  comm_8010_task.o(i.go_8010_test_tesk1)
    imu_task                                 0x08007cfd   Thumb Code   500  imu_task.o(i.imu_task)
    info_get_task                            0x08007f29   Thumb Code   158  info_get_task.o(i.info_get_task)
    judge_duzhuan_OK                         0x08007ff1   Thumb Code   130  comm_8010_task.o(i.judge_duzhuan_OK)
    judge_rx_task                            0x08008079   Thumb Code    12  judge_task.o(i.judge_rx_task)
    judge_tx_task                            0x08008089   Thumb Code   144  judge_task.o(i.judge_tx_task)
    judgement_client_graphics_draw_pack      0x08008121   Thumb Code  1522  judge_tx_data.o(i.judgement_client_graphics_draw_pack)
    judgement_data_handler                   0x0800871d   Thumb Code   426  judge_rx_data.o(i.judgement_data_handler)
    judgement_rx_param_init                  0x080088d5   Thumb Code   146  judge_rx_data.o(i.judgement_rx_param_init)
    judgement_tx_param_init                  0x08008985   Thumb Code    32  judge_tx_data.o(i.judgement_tx_param_init)
    kb_adrust_angle_ctrl                     0x080089ad   Thumb Code   552  keyboard.o(i.kb_adrust_angle_ctrl)
    kb_kb_adrust_angle_change                0x08008bf9   Thumb Code    80  keyboard.o(i.kb_kb_adrust_angle_change)
    keyboard_chassis_hook                    0x08008c49   Thumb Code   144  keyboard.o(i.keyboard_chassis_hook)
    keyboard_clamp_hook                      0x08008ce5   Thumb Code    18  keyboard.o(i.keyboard_clamp_hook)
    keyboard_exchange_hook                   0x08008cf9   Thumb Code    76  keyboard.o(i.keyboard_exchange_hook)
    keyboard_init_hook                       0x08008d55   Thumb Code    42  keyboard.o(i.keyboard_init_hook)
    main                                     0x08008d8d   Thumb Code   158  main.o(i.main)
    mode_switch_task                         0x080090e1   Thumb Code    66  modeswitch_task.o(i.mode_switch_task)
    moto_err_id_init                         0x0800912d   Thumb Code    46  bsp_can.o(i.moto_err_id_init)
    normal_clmap_handler                     0x08009165   Thumb Code   116  clamp.o(i.normal_clmap_handler)
    osKernelSysTick                          0x080091f1   Thumb Code    24  stm32_tim_base.o(i.osKernelSysTick)
    pcTaskGetName                            0x08009209   Thumb Code    30  tasks.o(i.pcTaskGetName)
    pc_rx_param_init                         0x0800922d   Thumb Code    76  pc_rx_data.o(i.pc_rx_param_init)
    pc_tx_param_init                         0x0800928d   Thumb Code    32  pc_tx_data.o(i.pc_tx_param_init)
    pick_handler                             0x080092b5   Thumb Code   144  clamp.o(i.pick_handler)
    pid_calc                                 0x0800936d   Thumb Code   230  pid.o(i.pid_calc)
    pvPortMalloc                             0x08009dc9   Thumb Code   208  heap_4.o(i.pvPortMalloc)
    pvTaskIncrementMutexHeldCount            0x08009e9d   Thumb Code    20  tasks.o(i.pvTaskIncrementMutexHeldCount)
    pxPortInitialiseStack                    0x08009eb5   Thumb Code    30  port.o(i.pxPortInitialiseStack)
    ramp_init                                0x08009f5d   Thumb Code    16  ramp.o(i.ramp_init)
    rc_clamp_store_cmd                       0x08009f71   Thumb Code   110  remote_ctrl.o(i.rc_clamp_store_cmd)
    rc_exchange_action_cmd                   0x08009ff1   Thumb Code    76  remote_ctrl.o(i.rc_exchange_action_cmd)
    ref_8010_angle                           0x0800a049   Thumb Code    56  comm_8010_task.o(i.ref_8010_angle)
    remote_ctrl                              0x0800a085   Thumb Code   260  remote_ctrl.o(i.remote_ctrl)
    remote_ctrl_chassis_hook                 0x0800a189   Thumb Code    18  remote_ctrl.o(i.remote_ctrl_chassis_hook)
    remote_ctrl_clamp_hook                   0x0800a1a1   Thumb Code    18  remote_ctrl.o(i.remote_ctrl_clamp_hook)
    send_can1_high_cur                       0x0800a1b5   Thumb Code    68  bsp_can.o(i.send_can1_high_cur)
    send_can1_low_cur                        0x0800a1fd   Thumb Code    78  bsp_can.o(i.send_can1_low_cur)
    send_can2_high_cur                       0x0800a251   Thumb Code    68  bsp_can.o(i.send_can2_high_cur)
    send_can2_low_cur                        0x0800a299   Thumb Code    78  bsp_can.o(i.send_can2_low_cur)
    send_packed_fifo_data                    0x0800a2ed   Thumb Code    52  data_packet.o(i.send_packed_fifo_data)
    small_island_clamp_handler               0x0800a325   Thumb Code   308  clamp.o(i.small_island_clamp_handler)
    sqrtf                                    0x0800a47d   Thumb Code    62  sqrtf_full.o(i.sqrtf)
    start_task                               0x0800a4bd   Thumb Code   234  start_task.o(i.start_task)
    store_handler                            0x0800a671   Thumb Code   156  clamp.o(i.store_handler)
    tamp_task                                0x0800a72d   Thumb Code   102  comm_8010_task.o(i.tamp_task)
    unpack_fifo_data                         0x0800a793   Thumb Code   342  data_packet.o(i.unpack_fifo_data)
    uxListRemove                             0x0800a97b   Thumb Code    36  list.o(i.uxListRemove)
    uxTaskGetStackHighWaterMark              0x0800a9a1   Thumb Code    14  tasks.o(i.uxTaskGetStackHighWaterMark)
    vListInitialise                          0x0800a9b5   Thumb Code    22  list.o(i.vListInitialise)
    vListInitialiseItem                      0x0800a9cb   Thumb Code     6  list.o(i.vListInitialiseItem)
    vListInsert                              0x0800a9d1   Thumb Code    48  list.o(i.vListInsert)
    vListInsertEnd                           0x0800aa01   Thumb Code    24  list.o(i.vListInsertEnd)
    vPortEnterCritical                       0x0800aa19   Thumb Code    54  port.o(i.vPortEnterCritical)
    vPortExitCritical                        0x0800aa59   Thumb Code    38  port.o(i.vPortExitCritical)
    vPortFree                                0x0800aa85   Thumb Code    88  heap_4.o(i.vPortFree)
    vPortSetupTimerInterrupt                 0x0800aae1   Thumb Code    26  port.o(i.vPortSetupTimerInterrupt)
    vPortValidateInterruptPriority           0x0800ab01   Thumb Code    74  port.o(i.vPortValidateInterruptPriority)
    vQueueAddToRegistry                      0x0800ab55   Thumb Code    32  queue.o(i.vQueueAddToRegistry)
    vQueueWaitForMessageRestricted           0x0800ab79   Thumb Code    70  queue.o(i.vQueueWaitForMessageRestricted)
    vTaskDelayUntil                          0x0800abc1   Thumb Code   142  tasks.o(i.vTaskDelayUntil)
    vTaskDelete                              0x0800ac59   Thumb Code   156  tasks.o(i.vTaskDelete)
    vTaskMissedYield                         0x0800ad05   Thumb Code     8  tasks.o(i.vTaskMissedYield)
    vTaskPlaceOnEventList                    0x0800ad11   Thumb Code    46  tasks.o(i.vTaskPlaceOnEventList)
    vTaskPlaceOnEventListRestricted          0x0800ad45   Thumb Code    54  tasks.o(i.vTaskPlaceOnEventListRestricted)
    vTaskPriorityInherit                     0x0800ad81   Thumb Code   126  tasks.o(i.vTaskPriorityInherit)
    vTaskSetTimeOutState                     0x0800ae09   Thumb Code    32  tasks.o(i.vTaskSetTimeOutState)
    vTaskStartScheduler                      0x0800ae2d   Thumb Code   104  tasks.o(i.vTaskStartScheduler)
    vTaskSuspendAll                          0x0800aea5   Thumb Code    10  tasks.o(i.vTaskSuspendAll)
    vTaskSwitchContext                       0x0800aeb5   Thumb Code   112  tasks.o(i.vTaskSwitchContext)
    verify_crc16_check_sum                   0x0800af2d   Thumb Code    60  protocol.o(i.verify_crc16_check_sum)
    verify_crc8_check_sum                    0x0800af6d   Thumb Code    48  protocol.o(i.verify_crc8_check_sum)
    xPortStartScheduler                      0x0800af9d   Thumb Code   204  port.o(i.xPortStartScheduler)
    xPortSysTickHandler                      0x0800b07d   Thumb Code    38  port.o(i.xPortSysTickHandler)
    xQueueCreateMutex                        0x0800b0a9   Thumb Code    24  queue.o(i.xQueueCreateMutex)
    xQueueGenericCreate                      0x0800b0c1   Thumb Code    68  queue.o(i.xQueueGenericCreate)
    xQueueGenericReceive                     0x0800b105   Thumb Code   388  queue.o(i.xQueueGenericReceive)
    xQueueGenericReset                       0x0800b28d   Thumb Code   134  queue.o(i.xQueueGenericReset)
    xQueueGenericSend                        0x0800b319   Thumb Code   376  queue.o(i.xQueueGenericSend)
    xQueueGenericSendFromISR                 0x0800b495   Thumb Code   214  queue.o(i.xQueueGenericSendFromISR)
    xTaskCheckForTimeOut                     0x0800b56d   Thumb Code   112  tasks.o(i.xTaskCheckForTimeOut)
    xTaskCreate                              0x0800b5e1   Thumb Code    96  tasks.o(i.xTaskCreate)
    xTaskGenericNotify                       0x0800b641   Thumb Code   196  tasks.o(i.xTaskGenericNotify)
    xTaskGenericNotifyFromISR                0x0800b711   Thumb Code   246  tasks.o(i.xTaskGenericNotifyFromISR)
    xTaskGetHandle                           0x0800b811   Thumb Code   126  tasks.o(i.xTaskGetHandle)
    xTaskGetSchedulerState                   0x0800b89d   Thumb Code    24  tasks.o(i.xTaskGetSchedulerState)
    xTaskGetTickCount                        0x0800b8b9   Thumb Code     6  tasks.o(i.xTaskGetTickCount)
    xTaskGetTickCountFromISR                 0x0800b8c5   Thumb Code    12  tasks.o(i.xTaskGetTickCountFromISR)
    xTaskIncrementTick                       0x0800b8d5   Thumb Code   196  tasks.o(i.xTaskIncrementTick)
    xTaskNotifyWait                          0x0800b9a1   Thumb Code   134  tasks.o(i.xTaskNotifyWait)
    xTaskPriorityDisinherit                  0x0800ba31   Thumb Code   144  tasks.o(i.xTaskPriorityDisinherit)
    xTaskRemoveFromEventList                 0x0800bac9   Thumb Code   114  tasks.o(i.xTaskRemoveFromEventList)
    xTaskResumeAll                           0x0800bb45   Thumb Code   192  tasks.o(i.xTaskResumeAll)
    xTimerCreateTimerTask                    0x0800bc11   Thumb Code    60  timers.o(i.xTimerCreateTimerTask)
    xTimerGenericCommand                     0x0800bc5d   Thumb Code    98  timers.o(i.xTimerGenericCommand)
    CRC8_TAB                                 0x0800bcc4   Data         256  protocol.o(.constdata)
    wCRC_Table                               0x0800bdc4   Data         512  protocol.o(.constdata)
    crc_ccitt_table                          0x0800bfc4   Data         512  crc.o(.constdata)
    crc_ccitt_false_table                    0x0800c1c4   Data         512  crc.o(.constdata)
    sinTable_f32                             0x0800c3d0   Data        2052  arm_common_tables.o(.constdata)
    Region$$Table$$Base                      0x0800cbd4   Number         0  anon$$obj.o(Region$$Table)
    Region$$Table$$Limit                     0x0800cbf4   Number         0  anon$$obj.o(Region$$Table)
    SystemCoreClock                          0x20000000   Data           4  system_stm32f4xx.o(.data)
    AHBPrescTable                            0x20000004   Data          16  system_stm32f4xx.o(.data)
    start_Task_Handle                        0x20000014   Data           4  start_task.o(.data)
    chassis_Task_Handle                      0x20000018   Data           4  start_task.o(.data)
    can_msg_send_Task_Handle                 0x2000001c   Data           4  start_task.o(.data)
    mode_switch_Task_Handle                  0x20000020   Data           4  start_task.o(.data)
    info_get_Task_Handle                     0x20000024   Data           4  start_task.o(.data)
    detect_Task_Handle                       0x20000028   Data           4  start_task.o(.data)
    imu_Task_Handle                          0x2000002c   Data           4  start_task.o(.data)
    judge_tx_Task_Handle                     0x20000030   Data           4  start_task.o(.data)
    judge_rx_Task_Handle                     0x20000034   Data           4  start_task.o(.data)
    motor_Task_Handle                        0x20000038   Data           4  start_task.o(.data)
    comm_8010_task_Handle                    0x2000003c   Data           4  start_task.o(.data)
    uwTick                                   0x20000040   Data           4  stm32_tim_base.o(.data)
    moto_err_id_init_flag                    0x20000044   Data           1  bsp_can.o(.data)
    BMI088_ACCEL_SEN                         0x2000004c   Data           4  bmi088driver.o(.data)
    BMI088_GYRO_SEN                          0x20000050   Data           4  bmi088driver.o(.data)
    buf_accel                                0x20000054   Data           6  bmi088driver.o(.data)
    buf_gyro                                 0x20000062   Data           8  bmi088driver.o(.data)
    last_global_mode                         0x20000090   Data           1  modeswitch_task.o(.data)
    last_chassis_mode                        0x20000091   Data           1  modeswitch_task.o(.data)
    last_rescue_mode                         0x20000092   Data           1  modeswitch_task.o(.data)
    last_clamp_mode                          0x20000093   Data           1  modeswitch_task.o(.data)
    last_barrier_carry_mode                  0x20000094   Data           1  modeswitch_task.o(.data)
    global_change_state                      0x20000095   Data           1  modeswitch_task.o(.data)
    start_big_island_mode_state              0x20000096   Data           1  modeswitch_task.o(.data)
    global_mode                              0x20000097   Data           1  modeswitch_task.o(.data)
    chassis_mode                             0x20000098   Data           1  modeswitch_task.o(.data)
    rescue_mode                              0x20000099   Data           1  modeswitch_task.o(.data)
    clamp_mode                               0x2000009a   Data           1  modeswitch_task.o(.data)
    barrier_carry_mode                       0x2000009b   Data           1  modeswitch_task.o(.data)
    supply_mode                              0x2000009c   Data           1  modeswitch_task.o(.data)
    last_supply_mode                         0x2000009d   Data           1  modeswitch_task.o(.data)
    global_middle_change_mode                0x2000009e   Data           1  modeswitch_task.o(.data)
    chassis_middle_change_mode               0x2000009f   Data           1  modeswitch_task.o(.data)
    rescue_middle_change_mode                0x200000a0   Data           1  modeswitch_task.o(.data)
    clamp_middle_change_mode                 0x200000a1   Data           1  modeswitch_task.o(.data)
    barrier_carry_middle_change_mode         0x200000a2   Data           1  modeswitch_task.o(.data)
    supply_middle_change_mode                0x200000a3   Data           1  modeswitch_task.o(.data)
    mode_switch_stack_surplus                0x200000a4   Data           4  modeswitch_task.o(.data)
    small_island_mode                        0x200000a8   Data           1  modeswitch_task.o(.data)
    can_stack_surplus                        0x200000ac   Data           4  comm_task.o(.data)
    out_of_sight_state                       0x200000b0   Data           1  chassis_task.o(.data)
    Now_chassi_direction                     0x200000b1   Data           1  chassis_task.o(.data)
    chassis_speed_or_angle_flag              0x200000b2   Data           1  chassis_task.o(.data)
    out_of_sight_numb                        0x200000b3   Data           1  chassis_task.o(.data)
    OUT_OF_SIGHT                             0x200000b4   Data           2  chassis_task.o(.data)
    exchange_x_angle_move                    0x200000b6   Data           2  chassis_task.o(.data)
    exchange_y_angle_move                    0x200000b8   Data           2  chassis_task.o(.data)
    rotation_center_gimbal                   0x200000bc   Data           4  chassis_task.o(.data)
    chassis_pid                              0x200000d4   Data          24  chassis_task.o(.data)
    rc_change_state                          0x200000ec   Data           1  info_get_task.o(.data)
    rc_middle_change_sw1                     0x200000ed   Data           1  info_get_task.o(.data)
    rc_middle_change_sw2                     0x200000ee   Data           1  info_get_task.o(.data)
    info_stack_surplus                       0x200000f0   Data           4  info_get_task.o(.data)
    judge_tx_stack_surplus                   0x200000f8   Data           4  judge_task.o(.data)
    Motor_init_state                         0x200000fc   Data           1  motor_task.o(.data)
    All_Offset_Angle_init_state              0x200000fd   Data           1  motor_task.o(.data)
    go_8010_init_time                        0x20000100   Data           4  motor_task.o(.data)
    Motor_stack_surplus                      0x20000104   Data           4  motor_task.o(.data)
    TIM_out                                  0x20000108   Data           4  motor_task.o(.data)
    send_current_8010_1                      0x2000010c   Data           4  comm_8010_task.o(.data)
    send_current_8010_2                      0x20000110   Data           4  comm_8010_task.o(.data)
    send_ref_angle_8010_1                    0x20000114   Data           4  comm_8010_task.o(.data)
    send_ref_angle_8010_2                    0x20000118   Data           4  comm_8010_task.o(.data)
    send_fdb_angle_8010_1                    0x2000011c   Data           4  comm_8010_task.o(.data)
    tete                                     0x20000120   Data           4  comm_8010_task.o(.data)
    target_angle                             0x20000124   Data           8  comm_8010_task.o(.data)
    receive_angle                            0x2000012c   Data           8  comm_8010_task.o(.data)
    imu_start_flag                           0x20000134   Data           1  imu_task.o(.data)
    imu_pid                                  0x20000138   Data          12  imu_task.o(.data)
    gyro_scale_factor                        0x20000144   Data          36  imu_task.o(.data)
    accel_scale_factor                       0x20000168   Data          36  imu_task.o(.data)
    CRC_INIT                                 0x2000018c   Data           2  protocol.o(.data)
    bao_test                                 0x20000190   Data           1  judge_rx_data.o(.data)
    CMD_ID                                   0x20000192   Data           2  judge_rx_data.o(.data)
    Line_mask                                0x2000019c   Data           1  judge_tx_data.o(.data)
    text_mask                                0x2000019d   Data           1  judge_tx_data.o(.data)
    Chassis_mask                             0x2000019e   Data           1  judge_tx_data.o(.data)
    text1                                    0x200001a8   Data          30  judge_tx_data.o(.data)
    text2                                    0x200001c6   Data          30  judge_tx_data.o(.data)
    text3                                    0x200001e4   Data          30  judge_tx_data.o(.data)
    Pick_box                                 0x20000202   Data          30  judge_tx_data.o(.data)
    Height_num                               0x20000220   Data          30  judge_tx_data.o(.data)
    Pick_box0                                0x2000023e   Data          30  judge_tx_data.o(.data)
    Pick_box1                                0x2000025c   Data          30  judge_tx_data.o(.data)
    Pick_box2                                0x2000027a   Data          30  judge_tx_data.o(.data)
    chassis1                                 0x20000298   Data          30  judge_tx_data.o(.data)
    chassis2                                 0x200002b6   Data          30  judge_tx_data.o(.data)
    chassis3                                 0x200002d4   Data          30  judge_tx_data.o(.data)
    chassis4                                 0x200002f2   Data          30  judge_tx_data.o(.data)
    chassis5                                 0x20000310   Data          30  judge_tx_data.o(.data)
    chassis6                                 0x2000032e   Data          30  judge_tx_data.o(.data)
    chassis7                                 0x2000034c   Data          30  judge_tx_data.o(.data)
    chassis8                                 0x2000036a   Data          30  judge_tx_data.o(.data)
    off                                      0x20000388   Data          30  judge_tx_data.o(.data)
    pc_seq                                   0x200003a8   Data           4  pc_rx_data.o(.data)
    once_lost_num                            0x200003ac   Data           4  pc_rx_data.o(.data)
    lost_pack_percent                        0x200003b0   Data           4  pc_rx_data.o(.data)
    pack_num_cnt                             0x200003b4   Data           4  pc_rx_data.o(.data)
    lost_num_sum_t                           0x200003b8   Data           4  pc_rx_data.o(.data)
    pack_lost                                0x200003bc   Data           4  pc_rx_data.o(.data)
    pc_state                                 0x200003c4   Data           4  pc_rx_data.o(.data)
    pc_send_mesg                             0x200003c8   Data           1  pc_tx_data.o(.data)
    i                                        0x200003d0   Data           4  motor_8010.o(.data)
    tt                                       0x200003d4   Data           4  motor_8010.o(.data)
    vv                                       0x200003d8   Data           4  motor_8010.o(.data)
    pp                                       0x200003dc   Data           4  motor_8010.o(.data)
    kb_pick_box_state                        0x200003e0   Data           1  keyboard.o(.data)
    kb_slide_clamp_del                       0x200003e4   Data           8  keyboard.o(.data)
    clamp_action_ReadyToChange_state         0x200003ec   Data           1  remote_ctrl.o(.data)
    exchange_action_ReadyToChange_state      0x200003ed   Data           1  remote_ctrl.o(.data)
    clamp_action                             0x200003ee   Data           1  remote_ctrl.o(.data)
    exchange_action                          0x200003ef   Data           1  remote_ctrl.o(.data)
    rocker_maximum_continuous_times          0x200003f0   Data           4  remote_ctrl.o(.data)
    glb_sw                                   0x200003f4   Data           6  remote_ctrl.o(.data)
    action_one_state                         0x200003fc   Data           1  clamp.o(.data)
    action_two_state                         0x200003fd   Data           1  clamp.o(.data)
    action_three_state                       0x200003fe   Data           1  clamp.o(.data)
    have_box_number                          0x200003ff   Data           1  clamp.o(.data)
    ready_to_del_box_number_flag             0x20000400   Data           1  clamp.o(.data)
    test_198                                 0x20000402   Data           2  clamp.o(.data)
    clamp_record_time                        0x20000404   Data           4  clamp.o(.data)
    Fir_hanning_6_30Hz                       0x20000408   Data          28  filter.o(.data)
    pxCurrentTCB                             0x20000440   Data           4  tasks.o(.data)
    rx1_message                              0x200004d0   Data          20  bsp_can.o(.bss)
    rx2_message                              0x200004e4   Data          20  bsp_can.o(.bss)
    moto_chassis                             0x200004f8   Data         256  bsp_can.o(.bss)
    moto_manipulator                         0x200005f8   Data         384  bsp_can.o(.bss)
    Motor_CAN1_data                          0x20000778   Data         448  bsp_can.o(.bss)
    Motor_CAN2_data                          0x20000938   Data         448  bsp_can.o(.bss)
    BMI088                                   0x20000af8   Data          44  bmi088driver.o(.bss)
    CAN1_current                             0x20000b24   Data          18  comm_task.o(.bss)
    CAN2_current                             0x20000b36   Data          18  comm_task.o(.bss)
    out_of_sight_number                      0x20000b48   Data          10  chassis_task.o(.bss)
    chassis                                  0x20000b54   Data          72  chassis_task.o(.bss)
    chassis_ramp                             0x20000b9c   Data          12  chassis_task.o(.bss)
    global_err                               0x20000ba8   Data         396  detect_task.o(.bss)
    gyrosope_data                            0x20000d34   Data          14  controller.o(.bss)
    gyrosope_past_data                       0x20000d42   Data          14  controller.o(.bss)
    small_model_data                         0x20000d50   Data          24  controller.o(.bss)
    model_out_angle                          0x20000d68   Data          24  controller.o(.bss)
    Motor                                    0x20000d80   Data        5032  motor_task.o(.bss)
    Machine_angle                            0x20002128   Data         728  motor_task.o(.bss)
    INS_angle                                0x20002464   Data          12  imu_task.o(.bss)
    INS_angle_final                          0x20002470   Data          12  imu_task.o(.bss)
    gyro_offset                              0x2000247c   Data          12  imu_task.o(.bss)
    judge_recv_mesg                          0x20002488   Data         237  judge_rx_data.o(.bss)
    control_recv_mesg                        0x20002575   Data         237  judge_rx_data.o(.bss)
    judge_rx_obj                             0x20002664   Data          24  judge_rx_data.o(.bss)
    control_rx_obj                           0x2000267c   Data          24  judge_rx_data.o(.bss)
    judge_unpack_obj                         0x20002694   Data         216  judge_rx_data.o(.bss)
    control_unpack_obj                       0x2000276c   Data         216  judge_rx_data.o(.bss)
    judge_rxdata_fifo                        0x20002844   Data          28  judge_rx_data.o(.bss)
    control_rxdata_fifo                      0x20002860   Data          28  judge_rx_data.o(.bss)
    judge_send_mesg                          0x20002a7c   Data        1288  judge_tx_data.o(.bss)
    judge_txdata_fifo                        0x20002f84   Data          28  judge_tx_data.o(.bss)
    glb_struct                               0x20003194   Data          12  pc_rx_data.o(.bss)
    pc_rx_obj                                0x200031a0   Data          24  pc_rx_data.o(.bss)
    pc_unpack_obj                            0x200031b8   Data         216  pc_rx_data.o(.bss)
    pc_rxdata_fifo                           0x20003290   Data          28  pc_rx_data.o(.bss)
    pc_recv_mesg                             0x200034a0   Data          49  pc_rx_data.o(.bss)
    pc_txdata_fifo                           0x200034d4   Data          28  pc_tx_data.o(.bss)
    motor_recevie                            0x200036e4   Data          96  motor_8010.o(.bss)
    sdata                                    0x20003744   Data          17  motor_8010.o(.bss)
    km                                       0x20003758   Data          40  keyboard.o(.bss)
    kb_adrust                                0x20003780   Data          80  keyboard.o(.bss)
    rm                                       0x200037d0   Data          20  remote_ctrl.o(.bss)
    pid_spd                                  0x200037e8   Data         320  pid.o(.bss)
    pid_chassis_angle                        0x20003928   Data          80  pid.o(.bss)
    Motor_current_limit                      0x20003978   Data         204  clamp.o(.bss)
    Mode                                     0x20003a44   Data          56  clamp.o(.bss)
    rc                                       0x20003ad0   Data          23  rc.o(.bss)
    dbus_buf                                 0x20003ae7   Data          72  dma.o(.bss)
    judge_rxbuf                              0x20003b2f   Data         512  dma.o(.bss)
    judge_control_rxbuf                      0x20003d2f   Data         512  dma.o(.bss)
    spi5_rx_buf                              0x20003f2f   Data          23  dma.o(.bss)
    spi5_tx_buf                              0x20003f46   Data          23  dma.o(.bss)
    motor_8010_TXbuf                         0x20003f5d   Data          17  dma.o(.bss)
    motor_8010_RXbuf                         0x20003f6e   Data          16  dma.o(.bss)
    pc_rxbuf                                 0x20003f7e   Data        1024  dma.o(.bss)
    xQueueRegistry                           0x20004380   Data          64  queue.o(.bss)
    __initial_sp                             0x20025518   Data           0  startup_stm32f427_437xx.o(STACK)



==============================================================================

Memory Map of the image

  Image Entry point : 0x080001ad

  Load Region LR_IROM1 (Base: 0x08000000, Size: 0x0000d0c4, Max: 0x00200000, ABSOLUTE, COMPRESSED[0x0000cd4c])

    Execution Region ER_IROM1 (Exec base: 0x08000000, Load base: 0x08000000, Size: 0x0000cbf4, Max: 0x00200000, ABSOLUTE)

    Exec Addr    Load Addr    Size         Type   Attr      Idx    E Section Name        Object

    0x08000000   0x08000000   0x000001ac   Data   RO         3974    RESET               startup_stm32f427_437xx.o
    0x080001ac   0x080001ac   0x00000000   Code   RO        10334  * .ARM.Collect$$$$00000000  mc_w.l(entry.o)
    0x080001ac   0x080001ac   0x00000004   Code   RO        10410    .ARM.Collect$$$$00000001  mc_w.l(entry2.o)
    0x080001b0   0x080001b0   0x00000004   Code   RO        10413    .ARM.Collect$$$$00000004  mc_w.l(entry5.o)
    0x080001b4   0x080001b4   0x00000000   Code   RO        10415    .ARM.Collect$$$$00000008  mc_w.l(entry7b.o)
    0x080001b4   0x080001b4   0x00000000   Code   RO        10417    .ARM.Collect$$$$0000000A  mc_w.l(entry8b.o)
    0x080001b4   0x080001b4   0x00000008   Code   RO        10418    .ARM.Collect$$$$0000000B  mc_w.l(entry9a.o)
    0x080001bc   0x080001bc   0x00000004   Code   RO        10425    .ARM.Collect$$$$0000000E  mc_w.l(entry12b.o)
    0x080001c0   0x080001c0   0x00000000   Code   RO        10420    .ARM.Collect$$$$0000000F  mc_w.l(entry10a.o)
    0x080001c0   0x080001c0   0x00000000   Code   RO        10422    .ARM.Collect$$$$00000011  mc_w.l(entry11a.o)
    0x080001c0   0x080001c0   0x00000004   Code   RO        10411    .ARM.Collect$$$$00002712  mc_w.l(entry2.o)
    0x080001c4   0x080001c4   0x000000b6   Code   RO         9780    .emb_text           port.o
    0x0800027a   0x0800027a   0x00000002   PAD
    0x0800027c   0x0800027c   0x00000024   Code   RO         3975    .text               startup_stm32f427_437xx.o
    0x080002a0   0x080002a0   0x00000078   Code   RO         9869    .text               arm_cortexM4lf_math.lib(arm_cos_f32.o)
    0x08000318   0x08000318   0x00000074   Code   RO         9922    .text               arm_cortexM4lf_math.lib(arm_sin_f32.o)
    0x0800038c   0x0800038c   0x00000024   Code   RO        10337    .text               mc_w.l(memcpya.o)
    0x080003b0   0x080003b0   0x00000024   Code   RO        10339    .text               mc_w.l(memseta.o)
    0x080003d4   0x080003d4   0x0000000e   Code   RO        10341    .text               mc_w.l(strlen.o)
    0x080003e2   0x080003e2   0x0000014e   Code   RO        10373    .text               mf_w.l(dadd.o)
    0x08000530   0x08000530   0x000000e4   Code   RO        10375    .text               mf_w.l(dmul.o)
    0x08000614   0x08000614   0x00000026   Code   RO        10383    .text               mf_w.l(f2d.o)
    0x0800063a   0x0800063a   0x00000002   PAD
    0x0800063c   0x0800063c   0x00000030   Code   RO        10385    .text               mf_w.l(cdcmple.o)
    0x0800066c   0x0800066c   0x00000030   Code   RO        10387    .text               mf_w.l(cdrcmple.o)
    0x0800069c   0x0800069c   0x00000038   Code   RO        10389    .text               mf_w.l(d2f.o)
    0x080006d4   0x080006d4   0x0000001e   Code   RO        10426    .text               mc_w.l(llshl.o)
    0x080006f2   0x080006f2   0x00000024   Code   RO        10428    .text               mc_w.l(llsshr.o)
    0x08000716   0x08000716   0x00000000   Code   RO        10439    .text               mc_w.l(iusefp.o)
    0x08000716   0x08000716   0x0000006e   Code   RO        10440    .text               mf_w.l(fepilogue.o)
    0x08000784   0x08000784   0x000000ba   Code   RO        10442    .text               mf_w.l(depilogue.o)
    0x0800083e   0x0800083e   0x00000002   PAD
    0x08000840   0x08000840   0x00000024   Code   RO        10446    .text               mc_w.l(init.o)
    0x08000864   0x08000864   0x00000020   Code   RO        10448    .text               mc_w.l(llushr.o)
    0x08000884   0x08000884   0x00000056   Code   RO        10458    .text               mc_w.l(__dczerorl2.o)
    0x080008da   0x080008da   0x00000004   Code   RO         1238    i.AHRS_asinf        ahrs_middleware.o
    0x080008de   0x080008de   0x00000004   Code   RO         1239    i.AHRS_atan2f       ahrs_middleware.o
    0x080008e2   0x080008e2   0x00000004   Code   RO         1240    i.AHRS_cosf         ahrs_middleware.o
    0x080008e6   0x080008e6   0x0000001a   Code   RO        10087    i.AHRS_fabs         AHRS.lib(ahrs.o)
    0x08000900   0x08000900   0x00000014   Code   RO         1241    i.AHRS_get_height   ahrs_middleware.o
    0x08000914   0x08000914   0x0000000e   Code   RO         1242    i.AHRS_get_latitude  ahrs_middleware.o
    0x08000922   0x08000922   0x00000002   PAD
    0x08000924   0x08000924   0x0000029c   Code   RO        10088    i.AHRS_init         AHRS.lib(ahrs.o)
    0x08000bc0   0x08000bc0   0x00000014   Code   RO         1243    i.AHRS_invSqrt      ahrs_middleware.o
    0x08000bd4   0x08000bd4   0x00000004   Code   RO         1244    i.AHRS_sinf         ahrs_middleware.o
    0x08000bd8   0x08000bd8   0x0000013a   Code   RO        10089    i.AHRS_update       AHRS.lib(ahrs.o)
    0x08000d12   0x08000d12   0x00000002   PAD
    0x08000d14   0x08000d14   0x00000020   Code   RO         1982    i.Air_Pump_Init     motor_task.o
    0x08000d34   0x08000d34   0x0000000c   Code   RO         1165    i.BMI088_ACCEL_NS_H  bmi088middleware.o
    0x08000d40   0x08000d40   0x0000000c   Code   RO         1166    i.BMI088_ACCEL_NS_L  bmi088middleware.o
    0x08000d4c   0x08000d4c   0x0000000c   Code   RO         1168    i.BMI088_GYRO_NS_H  bmi088middleware.o
    0x08000d58   0x08000d58   0x0000000c   Code   RO         1169    i.BMI088_GYRO_NS_L  bmi088middleware.o
    0x08000d64   0x08000d64   0x00000188   Code   RO          946    i.BMI088_read       bmi088driver.o
    0x08000eec   0x08000eec   0x00000024   Code   RO          949    i.BMI088_read_muli_reg  bmi088driver.o
    0x08000f10   0x08000f10   0x00000040   Code   RO         1173    i.BMI088_read_write_byte  bmi088middleware.o
    0x08000f50   0x08000f50   0x00000002   Code   RO          258    i.BusFault_Handler  stm32f4xx_it.o
    0x08000f52   0x08000f52   0x00000002   PAD
    0x08000f54   0x08000f54   0x00000100   Code   RO         3648    i.CAN1_DEVICE       can.o
    0x08001054   0x08001054   0x00000038   Code   RO          692    i.CAN1_RX0_IRQHandler  bsp_can.o
    0x0800108c   0x0800108c   0x00000104   Code   RO         3649    i.CAN2_DEVICE       can.o
    0x08001190   0x08001190   0x00000038   Code   RO          693    i.CAN2_RX0_IRQHandler  bsp_can.o
    0x080011c8   0x080011c8   0x00000088   Code   RO         4278    i.CAN_ClearITPendingBit  stm32f4xx_can.o
    0x08001250   0x08001250   0x000000d4   Code   RO         4282    i.CAN_FilterInit    stm32f4xx_can.o
    0x08001324   0x08001324   0x000000cc   Code   RO         4284    i.CAN_GetITStatus   stm32f4xx_can.o
    0x080013f0   0x080013f0   0x00000014   Code   RO         4288    i.CAN_ITConfig      stm32f4xx_can.o
    0x08001404   0x08001404   0x00000104   Code   RO         4289    i.CAN_Init          stm32f4xx_can.o
    0x08001508   0x08001508   0x00000082   Code   RO         4292    i.CAN_Receive       stm32f4xx_can.o
    0x0800158a   0x0800158a   0x000000b6   Code   RO         4297    i.CAN_Transmit      stm32f4xx_can.o
    0x08001640   0x08001640   0x00000068   Code   RO         1725    i.CAN_ecd_to_angle  info_get_task.o
    0x080016a8   0x080016a8   0x0000000c   Code   RO         4300    i.CheckITStatus     stm32f4xx_can.o
    0x080016b4   0x080016b4   0x00000074   Code   RO         1876    i.DMA1_Stream1_IRQHandler  judge_task.o
    0x08001728   0x08001728   0x00000074   Code   RO         1877    i.DMA1_Stream6_IRQHandler  judge_task.o
    0x0800179c   0x0800179c   0x00000038   Code   RO         3862    i.DMA2_Stream1_IRQHandler  dma.o
    0x080017d4   0x080017d4   0x00000058   Code   RO         3863    i.DMA2_Stream6_IRQHandler  dma.o
    0x0800182c   0x0800182c   0x0000002c   Code   RO         5034    i.DMA_ClearFlag     stm32f4xx_dma.o
    0x08001858   0x08001858   0x00000018   Code   RO         5036    i.DMA_Cmd           stm32f4xx_dma.o
    0x08001870   0x08001870   0x0000012c   Code   RO         5037    i.DMA_DeInit        stm32f4xx_dma.o
    0x0800199c   0x0800199c   0x00000018   Code   RO         5038    i.DMA_DoubleBufferModeCmd  stm32f4xx_dma.o
    0x080019b4   0x080019b4   0x0000001a   Code   RO         5039    i.DMA_DoubleBufferModeConfig  stm32f4xx_dma.o
    0x080019ce   0x080019ce   0x00000006   Code   RO         5042    i.DMA_GetCurrDataCounter  stm32f4xx_dma.o
    0x080019d4   0x080019d4   0x0000000e   Code   RO         5043    i.DMA_GetCurrentMemoryTarget  stm32f4xx_dma.o
    0x080019e2   0x080019e2   0x00000002   PAD
    0x080019e4   0x080019e4   0x00000034   Code   RO         5045    i.DMA_GetFlagStatus  stm32f4xx_dma.o
    0x08001a18   0x08001a18   0x00000054   Code   RO         5046    i.DMA_GetITStatus   stm32f4xx_dma.o
    0x08001a6c   0x08001a6c   0x00000032   Code   RO         5047    i.DMA_ITConfig      stm32f4xx_dma.o
    0x08001a9e   0x08001a9e   0x00000002   PAD
    0x08001aa0   0x08001aa0   0x00000054   Code   RO         5048    i.DMA_Init          stm32f4xx_dma.o
    0x08001af4   0x08001af4   0x00000004   Code   RO         5051    i.DMA_SetCurrDataCounter  stm32f4xx_dma.o
    0x08001af8   0x08001af8   0x00000002   Code   RO          259    i.DebugMon_Handler  stm32f4xx_it.o
    0x08001afa   0x08001afa   0x00000002   PAD
    0x08001afc   0x08001afc   0x00000074   Code   RO         5304    i.EXTI_Init         stm32f4xx_exti.o
    0x08001b70   0x08001b70   0x00000064   Code   RO         3513    i.Filter0           filter.o
    0x08001bd4   0x08001bd4   0x00000064   Code   RO         3514    i.Filter1           filter.o
    0x08001c38   0x08001c38   0x00000064   Code   RO         3515    i.Filter2           filter.o
    0x08001c9c   0x08001c9c   0x0000015c   Code   RO         2925    i.GO_M8010_send_data  motor_8010.o
    0x08001df8   0x08001df8   0x000001e8   Code   RO         3606    i.GPIO_INIT         gpio.o
    0x08001fe0   0x08001fe0   0x0000007c   Code   RO         5677    i.GPIO_Init         stm32f4xx_gpio.o
    0x0800205c   0x0800205c   0x00000020   Code   RO         5678    i.GPIO_PinAFConfig  stm32f4xx_gpio.o
    0x0800207c   0x0800207c   0x00000004   Code   RO         5684    i.GPIO_ResetBits    stm32f4xx_gpio.o
    0x08002080   0x08002080   0x00000004   Code   RO         5685    i.GPIO_SetBits      stm32f4xx_gpio.o
    0x08002084   0x08002084   0x0000000c   Code   RO         5689    i.GPIO_WriteBit     stm32f4xx_gpio.o
    0x08002090   0x08002090   0x00000198   Code   RO         1726    i.Get_Motor_info    info_get_task.o
    0x08002228   0x08002228   0x0000000c   Code   RO          630    i.HAL_GetTick       stm32_tim_base.o
    0x08002234   0x08002234   0x00000018   Code   RO          631    i.HAL_IncTick       stm32_tim_base.o
    0x0800224c   0x0800224c   0x00000002   Code   RO          260    i.HardFault_Handler  stm32f4xx_it.o
    0x0800224e   0x0800224e   0x00000048   Code   RO         3607    i.KEY_EXTI          gpio.o
    0x08002296   0x08002296   0x00000002   PAD
    0x08002298   0x08002298   0x00000354   Code   RO         1983    i.Machine_angle_init  motor_task.o
    0x080025ec   0x080025ec   0x00000002   Code   RO          261    i.MemManage_Handler  stm32f4xx_it.o
    0x080025ee   0x080025ee   0x0000004a   Code   RO         1984    i.Motor_PID_Struct_Init  motor_task.o
    0x08002638   0x08002638   0x00000068   Code   RO         1985    i.Motor_Servo_handler  motor_task.o
    0x080026a0   0x080026a0   0x000000c0   Code   RO         1986    i.Motor_angle_init_test  motor_task.o
    0x08002760   0x08002760   0x0000033c   Code   RO         1987    i.Motor_base_init   motor_task.o
    0x08002a9c   0x08002a9c   0x00000070   Code   RO         1988    i.Motor_base_init_copy  motor_task.o
    0x08002b0c   0x08002b0c   0x00000034   Code   RO         3373    i.Motor_change_mode_angle  clamp.o
    0x08002b40   0x08002b40   0x00000088   Code   RO         1990    i.Motor_current_into_CAN  motor_task.o
    0x08002bc8   0x08002bc8   0x00000170   Code   RO         1991    i.Motor_offset_angle_init  motor_task.o
    0x08002d38   0x08002d38   0x00000094   Code   RO         1992    i.Motor_pid_clac    motor_task.o
    0x08002dcc   0x08002dcc   0x00000428   Code   RO         1993    i.Motor_pid_init    motor_task.o
    0x080031f4   0x080031f4   0x0000017c   Code   RO         1994    i.Motor_task        motor_task.o
    0x08003370   0x08003370   0x00000018   Code   RO         3375    i.Motor_uprise_clamp_angle_change  clamp.o
    0x08003388   0x08003388   0x00000010   Code   RO         3739    i.MySPI_W_SCK       spi.o
    0x08003398   0x08003398   0x00000010   Code   RO         3740    i.MySPI_W_SS        spi.o
    0x080033a8   0x080033a8   0x00000002   Code   RO          262    i.NMI_Handler       stm32f4xx_it.o
    0x080033aa   0x080033aa   0x00000002   PAD
    0x080033ac   0x080033ac   0x00000068   Code   RO         3982    i.NVIC_Init         misc.o
    0x08003414   0x08003414   0x00000014   Code   RO         3983    i.NVIC_PriorityGroupConfig  misc.o
    0x08003428   0x08003428   0x00000070   Code   RO         3299    i.PID_Struct_Init   pid.o
    0x08003498   0x08003498   0x0000001c   Code   RO         6594    i.RCC_AHB1PeriphClockCmd  stm32f4xx_rcc.o
    0x080034b4   0x080034b4   0x0000001c   Code   RO         6603    i.RCC_APB1PeriphClockCmd  stm32f4xx_rcc.o
    0x080034d0   0x080034d0   0x0000001c   Code   RO         6605    i.RCC_APB1PeriphResetCmd  stm32f4xx_rcc.o
    0x080034ec   0x080034ec   0x0000001c   Code   RO         6606    i.RCC_APB2PeriphClockCmd  stm32f4xx_rcc.o
    0x08003508   0x08003508   0x0000001c   Code   RO         6608    i.RCC_APB2PeriphResetCmd  stm32f4xx_rcc.o
    0x08003524   0x08003524   0x000000a4   Code   RO         6615    i.RCC_GetClocksFreq  stm32f4xx_rcc.o
    0x080035c8   0x080035c8   0x00000022   Code   RO         3933    i.SERVO_INIT        tim.o
    0x080035ea   0x080035ea   0x00000002   PAD
    0x080035ec   0x080035ec   0x0000004c   Code   RO         3741    i.SPI_DEVICE        spi.o
    0x08003638   0x08003638   0x000000c8   Code   RO          694    i.STD_CAN_RxCpltCallback  bsp_can.o
    0x08003700   0x08003700   0x0000002c   Code   RO         7914    i.SYSCFG_EXTILineConfig  stm32f4xx_syscfg.o
    0x0800372c   0x0800372c   0x00000014   Code   RO         1995    i.Servo_angle_init  motor_task.o
    0x08003740   0x08003740   0x000000d4   Code   RO          459    i.SetSysClock       system_stm32f4xx.o
    0x08003814   0x08003814   0x00000028   Code   RO         3099    i.Stm32_SoftReset   keyboard.o
    0x0800383c   0x0800383c   0x0000001c   Code   RO         3986    i.SysTick_CLKSourceConfig  misc.o
    0x08003858   0x08003858   0x00000014   Code   RO          263    i.SysTick_Handler   stm32f4xx_it.o
    0x0800386c   0x0800386c   0x0000002c   Code   RO         3562    i.SysTick_Init      delay.o
    0x08003898   0x08003898   0x0000005c   Code   RO          461    i.SystemInit        system_stm32f4xx.o
    0x080038f4   0x080038f4   0x0000002c   Code   RO          501    i.TASK_START        start_task.o
    0x08003920   0x08003920   0x000000f0   Code   RO         3934    i.TIM2_DEVICE       tim.o
    0x08003a10   0x08003a10   0x00000024   Code   RO          632    i.TIM3_IRQHandler   stm32_tim_base.o
    0x08003a34   0x08003a34   0x000000e8   Code   RO         3935    i.TIM4_DEVICE       tim.o
    0x08003b1c   0x08003b1c   0x00000110   Code   RO         3936    i.TIM5_DEVICE       tim.o
    0x08003c2c   0x08003c2c   0x00000018   Code   RO         7975    i.TIM_ARRPreloadConfig  stm32f4xx_tim.o
    0x08003c44   0x08003c44   0x0000006c   Code   RO          633    i.TIM_BASE_Init     stm32_tim_base.o
    0x08003cb0   0x08003cb0   0x00000006   Code   RO         7982    i.TIM_ClearITPendingBit  stm32f4xx_tim.o
    0x08003cb6   0x08003cb6   0x00000018   Code   RO         7987    i.TIM_Cmd           stm32f4xx_tim.o
    0x08003cce   0x08003cce   0x00000018   Code   RO         8008    i.TIM_GetITStatus   stm32f4xx_tim.o
    0x08003ce6   0x08003ce6   0x00000014   Code   RO         8012    i.TIM_ITConfig      stm32f4xx_tim.o
    0x08003cfa   0x08003cfa   0x00000002   PAD
    0x08003cfc   0x08003cfc   0x00000068   Code   RO         8016    i.TIM_OC1Init       stm32f4xx_tim.o
    0x08003d64   0x08003d64   0x0000000c   Code   RO         8019    i.TIM_OC1PreloadConfig  stm32f4xx_tim.o
    0x08003d70   0x08003d70   0x00000088   Code   RO         8021    i.TIM_OC2Init       stm32f4xx_tim.o
    0x08003df8   0x08003df8   0x00000014   Code   RO         8024    i.TIM_OC2PreloadConfig  stm32f4xx_tim.o
    0x08003e0c   0x08003e0c   0x00000084   Code   RO         8026    i.TIM_OC3Init       stm32f4xx_tim.o
    0x08003e90   0x08003e90   0x0000000c   Code   RO         8029    i.TIM_OC3PreloadConfig  stm32f4xx_tim.o
    0x08003e9c   0x08003e9c   0x00000064   Code   RO         8031    i.TIM_OC4Init       stm32f4xx_tim.o
    0x08003f00   0x08003f00   0x00000014   Code   RO         8033    i.TIM_OC4PreloadConfig  stm32f4xx_tim.o
    0x08003f14   0x08003f14   0x00000004   Code   RO         8049    i.TIM_SetCompare1   stm32f4xx_tim.o
    0x08003f18   0x08003f18   0x00000004   Code   RO         8050    i.TIM_SetCompare2   stm32f4xx_tim.o
    0x08003f1c   0x08003f1c   0x00000004   Code   RO         8051    i.TIM_SetCompare3   stm32f4xx_tim.o
    0x08003f20   0x08003f20   0x00000004   Code   RO         8052    i.TIM_SetCompare4   stm32f4xx_tim.o
    0x08003f24   0x08003f24   0x0000007c   Code   RO         8059    i.TIM_TimeBaseInit  stm32f4xx_tim.o
    0x08003fa0   0x08003fa0   0x000000bc   Code   RO         3681    i.UART7_DEVICE      usart.o
    0x0800405c   0x0800405c   0x000000d0   Code   RO         3682    i.UART8_DEVICE      usart.o
    0x0800412c   0x0800412c   0x000000cc   Code   RO         3865    i.UART8_DMA         dma.o
    0x080041f8   0x080041f8   0x00000044   Code   RO         1878    i.UART8_IRQHandler  judge_task.o
    0x0800423c   0x0800423c   0x000000d4   Code   RO         3683    i.USART1_DEVICE     usart.o
    0x08004310   0x08004310   0x00000090   Code   RO         3866    i.USART1_DMA        dma.o
    0x080043a0   0x080043a0   0x00000104   Code   RO         3826    i.USART1_IRQHandler  rc.o
    0x080044a4   0x080044a4   0x000000d4   Code   RO         3684    i.USART3_DEVICE     usart.o
    0x08004578   0x08004578   0x000000cc   Code   RO         3867    i.USART3_DMA        dma.o
    0x08004644   0x08004644   0x00000098   Code   RO         1879    i.USART3_IRQHandler  judge_task.o
    0x080046dc   0x080046dc   0x000000f4   Code   RO         3685    i.USART6_DEVICE     usart.o
    0x080047d0   0x080047d0   0x00000148   Code   RO         3868    i.USART6_DMA        dma.o
    0x08004918   0x08004918   0x000000a4   Code   RO         1880    i.USART6_IRQHandler  judge_task.o
    0x080049bc   0x080049bc   0x00000008   Code   RO         8537    i.USART_ClearFlag   stm32f4xx_usart.o
    0x080049c4   0x080049c4   0x00000010   Code   RO         8538    i.USART_ClearITPendingBit  stm32f4xx_usart.o
    0x080049d4   0x080049d4   0x00000018   Code   RO         8541    i.USART_Cmd         stm32f4xx_usart.o
    0x080049ec   0x080049ec   0x00000014   Code   RO         8542    i.USART_DMACmd      stm32f4xx_usart.o
    0x08004a00   0x08004a00   0x00000100   Code   RO         8543    i.USART_DeInit      stm32f4xx_usart.o
    0x08004b00   0x08004b00   0x0000000e   Code   RO         8544    i.USART_GetFlagStatus  stm32f4xx_usart.o
    0x08004b0e   0x08004b0e   0x00000040   Code   RO         8545    i.USART_GetITStatus  stm32f4xx_usart.o
    0x08004b4e   0x08004b4e   0x00000036   Code   RO         8547    i.USART_ITConfig    stm32f4xx_usart.o
    0x08004b84   0x08004b84   0x000000bc   Code   RO         8548    i.USART_Init        stm32f4xx_usart.o
    0x08004c40   0x08004c40   0x00000008   Code   RO         8555    i.USART_ReceiveData  stm32f4xx_usart.o
    0x08004c48   0x08004c48   0x00000002   Code   RO          264    i.UsageFault_Handler  stm32f4xx_it.o
    0x08004c4a   0x08004c4a   0x00000020   Code   RO         1996    i.Whether_Brushless_Motor  motor_task.o
    0x08004c6a   0x08004c6a   0x00000026   Code   RO        10391    i.__ARM_fpclassifyf  m_wm.l(fpclassifyf.o)
    0x08004c90   0x08004c90   0x0000012c   Code   RO        10268    i.__hardfp_asinf    m_wm.l(asinf.o)
    0x08004dbc   0x08004dbc   0x000002ac   Code   RO        10280    i.__hardfp_atan2f   m_wm.l(atan2f.o)
    0x08005068   0x08005068   0x00000014   Code   RO        10292    i.__hardfp_fabs     m_wm.l(fabs.o)
    0x0800507c   0x0800507c   0x0000003a   Code   RO        10316    i.__hardfp_sqrtf    m_wm.l(sqrtf_full.o)
    0x080050b6   0x080050b6   0x00000006   Code   RO        10394    i.__mathlib_flt_infnan  m_wm.l(funder.o)
    0x080050bc   0x080050bc   0x00000006   Code   RO        10395    i.__mathlib_flt_infnan2  m_wm.l(funder.o)
    0x080050c2   0x080050c2   0x00000002   PAD
    0x080050c4   0x080050c4   0x00000010   Code   RO        10396    i.__mathlib_flt_invalid  m_wm.l(funder.o)
    0x080050d4   0x080050d4   0x00000010   Code   RO        10399    i.__mathlib_flt_underflow  m_wm.l(funder.o)
    0x080050e4   0x080050e4   0x0000000e   Code   RO        10452    i.__scatterload_copy  mc_w.l(handlers.o)
    0x080050f2   0x080050f2   0x00000002   Code   RO        10453    i.__scatterload_null  mc_w.l(handlers.o)
    0x080050f4   0x080050f4   0x0000000e   Code   RO        10454    i.__scatterload_zeroinit  mc_w.l(handlers.o)
    0x08005102   0x08005102   0x00000002   PAD
    0x08005104   0x08005104   0x0000000c   Code   RO        10434    i.__set_errno       mc_w.l(errno.o)
    0x08005110   0x08005110   0x0000002a   Code   RO         3300    i.abs_limit         pid.o
    0x0800513a   0x0800513a   0x00000002   PAD
    0x0800513c   0x0800513c   0x000001d0   Code   RO        10090    i.accel_comple_filter  AHRS.lib(ahrs.o)
    0x0800530c   0x0800530c   0x0000018c   Code   RO        10091    i.accel_update_kp_ki  AHRS.lib(ahrs.o)
    0x08005498   0x08005498   0x0000016c   Code   RO        10092    i.angle_to_quat     AHRS.lib(ahrs.o)
    0x08005604   0x08005604   0x0000002c   Code   RO         2355    i.append_crc16_check_sum  protocol.o
    0x08005630   0x08005630   0x00000022   Code   RO         2356    i.append_crc8_check_sum  protocol.o
    0x08005652   0x08005652   0x00000002   PAD
    0x08005654   0x08005654   0x000000b0   Code   RO         3376    i.big_island_slanted_clamp_handler  clamp.o
    0x08005704   0x08005704   0x000000d0   Code   RO         3377    i.big_island_stright_clamp_handler  clamp.o
    0x080057d4   0x080057d4   0x000000dc   Code   RO         1592    i.can_msg_send_task  comm_task.o
    0x080058b0   0x080058b0   0x00000004   Code   RO         1628    i.chassis_ahead_to_back  chassis_task.o
    0x080058b4   0x080058b4   0x00000058   Code   RO         1629    i.chassis_ahead_to_front  chassis_task.o
    0x0800590c   0x0800590c   0x00000070   Code   RO         3100    i.chassis_direction_ctrl  keyboard.o
    0x0800597c   0x0800597c   0x0000006c   Code   RO         1630    i.chassis_exchange_angle_handler  chassis_task.o
    0x080059e8   0x080059e8   0x00000004   Code   RO         1631    i.chassis_exchange_handler  chassis_task.o
    0x080059ec   0x080059ec   0x00000020   Code   RO         1791    i.chassis_is_controllable  detect_task.o
    0x08005a0c   0x08005a0c   0x000000dc   Code   RO         3101    i.chassis_kb_operation_func  keyboard.o
    0x08005ae8   0x08005ae8   0x000000b0   Code   RO         3202    i.chassis_operation_func  remote_ctrl.o
    0x08005b98   0x08005b98   0x00000094   Code   RO         1632    i.chassis_param_init  chassis_task.o
    0x08005c2c   0x08005c2c   0x0000001c   Code   RO         1633    i.chassis_stop_handler  chassis_task.o
    0x08005c48   0x08005c48   0x00000230   Code   RO         1634    i.chassis_task      chassis_task.o
    0x08005e78   0x08005e78   0x00000010   Code   RO         3378    i.check_handler     clamp.o
    0x08005e88   0x08005e88   0x000001e8   Code   RO         3379    i.clamp_angle_handle  clamp.o
    0x08006070   0x08006070   0x000000bc   Code   RO         3380    i.clamp_ground_handler  clamp.o
    0x0800612c   0x0800612c   0x00000014   Code   RO         2620    i.client_graphic_delete_pick  judge_tx_data.o
    0x08006140   0x08006140   0x0000009c   Code   RO         2621    i.client_graphic_draw_Height  judge_tx_data.o
    0x080061dc   0x080061dc   0x0000009c   Code   RO         2622    i.client_graphic_draw_Height_change  judge_tx_data.o
    0x08006278   0x08006278   0x000000a0   Code   RO         2623    i.client_graphic_draw_OFF_init  judge_tx_data.o
    0x08006318   0x08006318   0x0000009c   Code   RO         2624    i.client_graphic_draw_chassis1  judge_tx_data.o
    0x080063b4   0x080063b4   0x0000009c   Code   RO         2625    i.client_graphic_draw_chassis2  judge_tx_data.o
    0x08006450   0x08006450   0x0000009c   Code   RO         2626    i.client_graphic_draw_chassis3  judge_tx_data.o
    0x080064ec   0x080064ec   0x0000009c   Code   RO         2627    i.client_graphic_draw_chassis4  judge_tx_data.o
    0x08006588   0x08006588   0x0000009c   Code   RO         2628    i.client_graphic_draw_chassis5  judge_tx_data.o
    0x08006624   0x08006624   0x0000009c   Code   RO         2629    i.client_graphic_draw_chassis6  judge_tx_data.o
    0x080066c0   0x080066c0   0x0000009c   Code   RO         2630    i.client_graphic_draw_chassis7  judge_tx_data.o
    0x0800675c   0x0800675c   0x0000009c   Code   RO         2631    i.client_graphic_draw_chassis8  judge_tx_data.o
    0x080067f8   0x080067f8   0x0000009c   Code   RO         2632    i.client_graphic_draw_chassis_init  judge_tx_data.o
    0x08006894   0x08006894   0x0000009c   Code   RO         2633    i.client_graphic_draw_pick  judge_tx_data.o
    0x08006930   0x08006930   0x0000009c   Code   RO         2634    i.client_graphic_draw_pick_box0  judge_tx_data.o
    0x080069cc   0x080069cc   0x0000009c   Code   RO         2635    i.client_graphic_draw_pick_box1  judge_tx_data.o
    0x08006a68   0x08006a68   0x0000009c   Code   RO         2636    i.client_graphic_draw_pick_box2  judge_tx_data.o
    0x08006b04   0x08006b04   0x0000009c   Code   RO         2637    i.client_graphic_draw_pick_box_init  judge_tx_data.o
    0x08006ba0   0x08006ba0   0x0000009c   Code   RO         2638    i.client_graphic_draw_text1  judge_tx_data.o
    0x08006c3c   0x08006c3c   0x000000a0   Code   RO         2639    i.client_graphic_draw_text2  judge_tx_data.o
    0x08006cdc   0x08006cdc   0x0000009c   Code   RO         2640    i.client_graphic_draw_text3  judge_tx_data.o
    0x08006d78   0x08006d78   0x0000006c   Code   RO         1997    i.config_full_mapping_couple  motor_task.o
    0x08006de4   0x08006de4   0x00000058   Code   RO         1998    i.config_full_mapping_one  motor_task.o
    0x08006e3c   0x08006e3c   0x000001b8   Code   RO         2576    i.controller_data_handler  judge_rx_data.o
    0x08006ff4   0x08006ff4   0x0000012c   Code   RO         1942    i.controller_task   controller.o
    0x08007120   0x08007120   0x00000158   Code   RO         2187    i.coom_8010_task    comm_8010_task.o
    0x08007278   0x08007278   0x0000001a   Code   RO         2910    i.crc_ccitt         crc.o
    0x08007292   0x08007292   0x00000002   PAD
    0x08007294   0x08007294   0x00000014   Code   RO         2884    i.crc_ccitt_byte    crc.o
    0x080072a8   0x080072a8   0x00000040   Code   RO         2514    i.data_packet_pack  data_packet.o
    0x080072e8   0x080072e8   0x0000003c   Code   RO         1793    i.detect_param_init  detect_task.o
    0x08007324   0x08007324   0x00000006   Code   RO         1794    i.detect_task       detect_task.o
    0x0800732a   0x0800732a   0x0000005a   Code   RO         2515    i.dma_buffer_to_unpack_buffer  data_packet.o
    0x08007384   0x08007384   0x0000005c   Code   RO          695    i.encoder_data_handler  bsp_can.o
    0x080073e0   0x080073e0   0x00000018   Code   RO         1795    i.err_detector_hook  detect_task.o
    0x080073f8   0x080073f8   0x00000084   Code   RO         3381    i.exchange_handler  clamp.o
    0x0800747c   0x0800747c   0x0000004c   Code   RO         2424    i.fifo_s_get        data_fifo.o
    0x080074c8   0x080074c8   0x0000006c   Code   RO         2425    i.fifo_s_gets       data_fifo.o
    0x08007534   0x08007534   0x0000002e   Code   RO         2426    i.fifo_s_init       data_fifo.o
    0x08007562   0x08007562   0x0000004c   Code   RO         2429    i.fifo_s_puts       data_fifo.o
    0x080075ae   0x080075ae   0x00000008   Code   RO         2430    i.fifo_used_count   data_fifo.o
    0x080075b6   0x080075b6   0x00000002   PAD
    0x080075b8   0x080075b8   0x0000003c   Code   RO         2188    i.get_8010_angle    comm_8010_task.o
    0x080075f4   0x080075f4   0x000000e8   Code   RO        10093    i.get_angle         AHRS.lib(ahrs.o)
    0x080076dc   0x080076dc   0x00000006   Code   RO         1999    i.get_angle_field   motor_task.o
    0x080076e2   0x080076e2   0x00000012   Code   RO         1727    i.get_chassis_info  info_get_task.o
    0x080076f4   0x080076f4   0x00000150   Code   RO         1472    i.get_chassis_mode  modeswitch_task.o
    0x08007844   0x08007844   0x00000030   Code   RO         2357    i.get_crc16_check_sum  protocol.o
    0x08007874   0x08007874   0x0000001c   Code   RO         2358    i.get_crc8_check_sum  protocol.o
    0x08007890   0x08007890   0x0000001a   Code   RO         2516    i.get_dma_memory_msg  data_packet.o
    0x080078aa   0x080078aa   0x00000002   PAD
    0x080078ac   0x080078ac   0x0000004c   Code   RO         1728    i.get_global_last_info  info_get_task.o
    0x080078f8   0x080078f8   0x00000078   Code   RO         1473    i.get_last_mode     modeswitch_task.o
    0x08007970   0x08007970   0x00000030   Code   RO         1474    i.get_main_mode     modeswitch_task.o
    0x080079a0   0x080079a0   0x0000000e   Code   RO          696    i.get_moto_offset   bsp_can.o
    0x080079ae   0x080079ae   0x00000002   PAD
    0x080079b0   0x080079b0   0x00000094   Code   RO         1729    i.get_structure_param  info_get_task.o
    0x08007a44   0x08007a44   0x00000124   Code   RO         2926    i.go8010_receive    motor_8010.o
    0x08007b68   0x08007b68   0x00000034   Code   RO         2189    i.go_8010_init      comm_8010_task.o
    0x08007b9c   0x08007b9c   0x0000006c   Code   RO         2190    i.go_8010_init_task  comm_8010_task.o
    0x08007c08   0x08007c08   0x00000038   Code   RO         2191    i.go_8010_stop      comm_8010_task.o
    0x08007c40   0x08007c40   0x00000020   Code   RO         2192    i.go_8010_test_tesk1  comm_8010_task.o
    0x08007c60   0x08007c60   0x0000009c   Code   RO         2279    i.imu_cali_slove    imu_task.o
    0x08007cfc   0x08007cfc   0x0000021c   Code   RO         2280    i.imu_task          imu_task.o
    0x08007f18   0x08007f18   0x00000010   Code   RO          634    i.inHandlerMode     stm32_tim_base.o
    0x08007f28   0x08007f28   0x000000c8   Code   RO         1730    i.info_get_task     info_get_task.o
    0x08007ff0   0x08007ff0   0x00000088   Code   RO         2193    i.judge_duzhuan_OK  comm_8010_task.o
    0x08008078   0x08008078   0x00000010   Code   RO         1881    i.judge_rx_task     judge_task.o
    0x08008088   0x08008088   0x00000098   Code   RO         1882    i.judge_tx_task     judge_task.o
    0x08008120   0x08008120   0x000005fc   Code   RO         2641    i.judgement_client_graphics_draw_pack  judge_tx_data.o
    0x0800871c   0x0800871c   0x000001b8   Code   RO         2577    i.judgement_data_handler  judge_rx_data.o
    0x080088d4   0x080088d4   0x000000b0   Code   RO         2578    i.judgement_rx_param_init  judge_rx_data.o
    0x08008984   0x08008984   0x00000028   Code   RO         2643    i.judgement_tx_param_init  judge_tx_data.o
    0x080089ac   0x080089ac   0x00000240   Code   RO         3102    i.kb_adrust_angle_ctrl  keyboard.o
    0x08008bec   0x08008bec   0x0000000c   Code   RO         3203    i.kb_enable_hook    remote_ctrl.o
    0x08008bf8   0x08008bf8   0x00000050   Code   RO         3103    i.kb_kb_adrust_angle_change  keyboard.o
    0x08008c48   0x08008c48   0x0000009c   Code   RO         3104    i.keyboard_chassis_hook  keyboard.o
    0x08008ce4   0x08008ce4   0x00000012   Code   RO         3105    i.keyboard_clamp_hook  keyboard.o
    0x08008cf6   0x08008cf6   0x00000002   PAD
    0x08008cf8   0x08008cf8   0x0000005c   Code   RO         3106    i.keyboard_exchange_hook  keyboard.o
    0x08008d54   0x08008d54   0x00000038   Code   RO         3107    i.keyboard_init_hook  keyboard.o
    0x08008d8c   0x08008d8c   0x000000a4   Code   RO            5    i.main              main.o
    0x08008e30   0x08008e30   0x000002b0   Code   RO         1636    i.mecanum_calc      chassis_task.o
    0x080090e0   0x080090e0   0x0000004c   Code   RO         1475    i.mode_switch_task  modeswitch_task.o
    0x0800912c   0x0800912c   0x00000038   Code   RO          697    i.moto_err_id_init  bsp_can.o
    0x08009164   0x08009164   0x0000008c   Code   RO         3382    i.normal_clmap_handler  clamp.o
    0x080091f0   0x080091f0   0x00000018   Code   RO          635    i.osKernelSysTick   stm32_tim_base.o
    0x08009208   0x08009208   0x00000024   Code   RO         9210    i.pcTaskGetName     tasks.o
    0x0800922c   0x0800922c   0x00000060   Code   RO         2789    i.pc_rx_param_init  pc_rx_data.o
    0x0800928c   0x0800928c   0x00000028   Code   RO         2836    i.pc_tx_param_init  pc_tx_data.o
    0x080092b4   0x080092b4   0x000000b8   Code   RO         3383    i.pick_handler      clamp.o
    0x0800936c   0x0800936c   0x000000ec   Code   RO         3302    i.pid_calc          pid.o
    0x08009458   0x08009458   0x0000001e   Code   RO         3303    i.pid_init          pid.o
    0x08009476   0x08009476   0x00000002   PAD
    0x08009478   0x08009478   0x00000028   Code   RO         3304    i.pid_reset         pid.o
    0x080094a0   0x080094a0   0x00000068   Code   RO         2517    i.protocol_packet_pack  data_packet.o
    0x08009508   0x08009508   0x00000070   Code   RO         9211    i.prvAddCurrentTaskToDelayedList  tasks.o
    0x08009578   0x08009578   0x0000008c   Code   RO         9212    i.prvAddNewTaskToReadyList  tasks.o
    0x08009604   0x08009604   0x00000050   Code   RO         9577    i.prvCheckForValidListAndQueue  timers.o
    0x08009654   0x08009654   0x00000054   Code   RO         9213    i.prvCheckTasksWaitingTermination  tasks.o
    0x080096a8   0x080096a8   0x00000028   Code   RO         8969    i.prvCopyDataFromQueue  queue.o
    0x080096d0   0x080096d0   0x0000006e   Code   RO         8970    i.prvCopyDataToQueue  queue.o
    0x0800973e   0x0800973e   0x00000014   Code   RO         9214    i.prvDeleteTCB      tasks.o
    0x08009752   0x08009752   0x00000002   PAD
    0x08009754   0x08009754   0x00000024   Code   RO         9578    i.prvGetNextExpireTime  timers.o
    0x08009778   0x08009778   0x0000004c   Code   RO         9719    i.prvHeapInit       heap_4.o
    0x080097c4   0x080097c4   0x00000028   Code   RO         9215    i.prvIdleTask       tasks.o
    0x080097ec   0x080097ec   0x00000018   Code   RO         8971    i.prvInitialiseMutex  queue.o
    0x08009804   0x08009804   0x00000026   Code   RO         8972    i.prvInitialiseNewQueue  queue.o
    0x0800982a   0x0800982a   0x0000009c   Code   RO         9216    i.prvInitialiseNewTask  tasks.o
    0x080098c6   0x080098c6   0x00000002   PAD
    0x080098c8   0x080098c8   0x00000058   Code   RO         9217    i.prvInitialiseTaskLists  tasks.o
    0x08009920   0x08009920   0x00000054   Code   RO         9720    i.prvInsertBlockIntoFreeList  heap_4.o
    0x08009974   0x08009974   0x00000040   Code   RO         9580    i.prvInsertTimerInActiveList  timers.o
    0x080099b4   0x080099b4   0x0000001a   Code   RO         8973    i.prvIsQueueEmpty   queue.o
    0x080099ce   0x080099ce   0x0000001e   Code   RO         8974    i.prvIsQueueFull    queue.o
    0x080099ec   0x080099ec   0x0000006e   Code   RO         8975    i.prvNotifyQueueSetContainer  queue.o
    0x08009a5a   0x08009a5a   0x00000002   PAD
    0x08009a5c   0x08009a5c   0x0000005c   Code   RO         9581    i.prvProcessExpiredTimer  timers.o
    0x08009ab8   0x08009ab8   0x000000b8   Code   RO         9582    i.prvProcessReceivedCommands  timers.o
    0x08009b70   0x08009b70   0x0000006c   Code   RO         9583    i.prvProcessTimerOrBlockTask  timers.o
    0x08009bdc   0x08009bdc   0x00000024   Code   RO         9219    i.prvResetNextTaskUnblockTime  tasks.o
    0x08009c00   0x08009c00   0x0000002c   Code   RO         9584    i.prvSampleTimeNow  timers.o
    0x08009c2c   0x08009c2c   0x0000005a   Code   RO         9220    i.prvSearchForNameWithinSingleList  tasks.o
    0x08009c86   0x08009c86   0x00000002   PAD
    0x08009c88   0x08009c88   0x0000006c   Code   RO         9585    i.prvSwitchTimerLists  timers.o
    0x08009cf4   0x08009cf4   0x00000014   Code   RO         9221    i.prvTaskCheckFreeStackSpace  tasks.o
    0x08009d08   0x08009d08   0x0000002c   Code   RO         9781    i.prvTaskExitError  port.o
    0x08009d34   0x08009d34   0x00000014   Code   RO         9586    i.prvTimerTask      timers.o
    0x08009d48   0x08009d48   0x0000007e   Code   RO         8976    i.prvUnlockQueue    queue.o
    0x08009dc6   0x08009dc6   0x00000002   PAD
    0x08009dc8   0x08009dc8   0x000000d4   Code   RO         9721    i.pvPortMalloc      heap_4.o
    0x08009e9c   0x08009e9c   0x00000018   Code   RO         9223    i.pvTaskIncrementMutexHeldCount  tasks.o
    0x08009eb4   0x08009eb4   0x00000024   Code   RO         9782    i.pxPortInitialiseStack  port.o
    0x08009ed8   0x08009ed8   0x00000084   Code   RO        10098    i.quat_normalization  AHRS.lib(ahrs.o)
    0x08009f5c   0x08009f5c   0x00000014   Code   RO         3270    i.ramp_init         ramp.o
    0x08009f70   0x08009f70   0x00000080   Code   RO         3204    i.rc_clamp_store_cmd  remote_ctrl.o
    0x08009ff0   0x08009ff0   0x00000058   Code   RO         3205    i.rc_exchange_action_cmd  remote_ctrl.o
    0x0800a048   0x0800a048   0x0000003c   Code   RO         2194    i.ref_8010_angle    comm_8010_task.o
    0x0800a084   0x0800a084   0x00000104   Code   RO         3206    i.remote_ctrl       remote_ctrl.o
    0x0800a188   0x0800a188   0x00000018   Code   RO         3207    i.remote_ctrl_chassis_hook  remote_ctrl.o
    0x0800a1a0   0x0800a1a0   0x00000012   Code   RO         3208    i.remote_ctrl_clamp_hook  remote_ctrl.o
    0x0800a1b2   0x0800a1b2   0x00000002   PAD
    0x0800a1b4   0x0800a1b4   0x00000048   Code   RO          698    i.send_can1_high_cur  bsp_can.o
    0x0800a1fc   0x0800a1fc   0x00000054   Code   RO          699    i.send_can1_low_cur  bsp_can.o
    0x0800a250   0x0800a250   0x00000048   Code   RO          700    i.send_can2_high_cur  bsp_can.o
    0x0800a298   0x0800a298   0x00000054   Code   RO          701    i.send_can2_low_cur  bsp_can.o
    0x0800a2ec   0x0800a2ec   0x00000038   Code   RO         2518    i.send_packed_fifo_data  data_packet.o
    0x0800a324   0x0800a324   0x00000158   Code   RO         3384    i.small_island_clamp_handler  clamp.o
    0x0800a47c   0x0800a47c   0x0000003e   Code   RO        10318    i.sqrtf             m_wm.l(sqrtf_full.o)
    0x0800a4ba   0x0800a4ba   0x00000002   PAD
    0x0800a4bc   0x0800a4bc   0x000001b4   Code   RO          502    i.start_task        start_task.o
    0x0800a670   0x0800a670   0x000000bc   Code   RO         3385    i.store_handler     clamp.o
    0x0800a72c   0x0800a72c   0x00000066   Code   RO         2195    i.tamp_task         comm_8010_task.o
    0x0800a792   0x0800a792   0x00000156   Code   RO         2519    i.unpack_fifo_data  data_packet.o
    0x0800a8e8   0x0800a8e8   0x0000007a   Code   RO        10099    i.update_w          AHRS.lib(ahrs.o)
    0x0800a962   0x0800a962   0x00000018   Code   RO         2520    i.usart_send_data   data_packet.o
    0x0800a97a   0x0800a97a   0x00000024   Code   RO         8920    i.uxListRemove      list.o
    0x0800a99e   0x0800a99e   0x00000002   PAD
    0x0800a9a0   0x0800a9a0   0x00000014   Code   RO         9226    i.uxTaskGetStackHighWaterMark  tasks.o
    0x0800a9b4   0x0800a9b4   0x00000016   Code   RO         8921    i.vListInitialise   list.o
    0x0800a9ca   0x0800a9ca   0x00000006   Code   RO         8922    i.vListInitialiseItem  list.o
    0x0800a9d0   0x0800a9d0   0x00000030   Code   RO         8923    i.vListInsert       list.o
    0x0800aa00   0x0800aa00   0x00000018   Code   RO         8924    i.vListInsertEnd    list.o
    0x0800aa18   0x0800aa18   0x00000040   Code   RO         9784    i.vPortEnterCritical  port.o
    0x0800aa58   0x0800aa58   0x0000002c   Code   RO         9785    i.vPortExitCritical  port.o
    0x0800aa84   0x0800aa84   0x0000005c   Code   RO         9722    i.vPortFree         heap_4.o
    0x0800aae0   0x0800aae0   0x00000020   Code   RO         9786    i.vPortSetupTimerInterrupt  port.o
    0x0800ab00   0x0800ab00   0x00000054   Code   RO         9787    i.vPortValidateInterruptPriority  port.o
    0x0800ab54   0x0800ab54   0x00000024   Code   RO         8982    i.vQueueAddToRegistry  queue.o
    0x0800ab78   0x0800ab78   0x00000046   Code   RO         8986    i.vQueueWaitForMessageRestricted  queue.o
    0x0800abbe   0x0800abbe   0x00000002   PAD
    0x0800abc0   0x0800abc0   0x00000098   Code   RO         9233    i.vTaskDelayUntil   tasks.o
    0x0800ac58   0x0800ac58   0x000000ac   Code   RO         9234    i.vTaskDelete       tasks.o
    0x0800ad04   0x0800ad04   0x0000000c   Code   RO         9237    i.vTaskMissedYield  tasks.o
    0x0800ad10   0x0800ad10   0x00000034   Code   RO         9239    i.vTaskPlaceOnEventList  tasks.o
    0x0800ad44   0x0800ad44   0x0000003c   Code   RO         9240    i.vTaskPlaceOnEventListRestricted  tasks.o
    0x0800ad80   0x0800ad80   0x00000088   Code   RO         9242    i.vTaskPriorityInherit  tasks.o
    0x0800ae08   0x0800ae08   0x00000024   Code   RO         9246    i.vTaskSetTimeOutState  tasks.o
    0x0800ae2c   0x0800ae2c   0x00000078   Code   RO         9247    i.vTaskStartScheduler  tasks.o
    0x0800aea4   0x0800aea4   0x00000010   Code   RO         9249    i.vTaskSuspendAll   tasks.o
    0x0800aeb4   0x0800aeb4   0x00000078   Code   RO         9250    i.vTaskSwitchContext  tasks.o
    0x0800af2c   0x0800af2c   0x00000040   Code   RO         2359    i.verify_crc16_check_sum  protocol.o
    0x0800af6c   0x0800af6c   0x00000030   Code   RO         2360    i.verify_crc8_check_sum  protocol.o
    0x0800af9c   0x0800af9c   0x000000e0   Code   RO         9788    i.xPortStartScheduler  port.o
    0x0800b07c   0x0800b07c   0x0000002c   Code   RO         9789    i.xPortSysTickHandler  port.o
    0x0800b0a8   0x0800b0a8   0x00000018   Code   RO         8989    i.xQueueCreateMutex  queue.o
    0x0800b0c0   0x0800b0c0   0x00000044   Code   RO         8991    i.xQueueGenericCreate  queue.o
    0x0800b104   0x0800b104   0x00000188   Code   RO         8992    i.xQueueGenericReceive  queue.o
    0x0800b28c   0x0800b28c   0x0000008c   Code   RO         8993    i.xQueueGenericReset  queue.o
    0x0800b318   0x0800b318   0x0000017c   Code   RO         8994    i.xQueueGenericSend  queue.o
    0x0800b494   0x0800b494   0x000000d6   Code   RO         8995    i.xQueueGenericSendFromISR  queue.o
    0x0800b56a   0x0800b56a   0x00000002   PAD
    0x0800b56c   0x0800b56c   0x00000074   Code   RO         9251    i.xTaskCheckForTimeOut  tasks.o
    0x0800b5e0   0x0800b5e0   0x00000060   Code   RO         9252    i.xTaskCreate       tasks.o
    0x0800b640   0x0800b640   0x000000d0   Code   RO         9253    i.xTaskGenericNotify  tasks.o
    0x0800b710   0x0800b710   0x00000100   Code   RO         9254    i.xTaskGenericNotifyFromISR  tasks.o
    0x0800b810   0x0800b810   0x0000008c   Code   RO         9256    i.xTaskGetHandle    tasks.o
    0x0800b89c   0x0800b89c   0x0000001c   Code   RO         9257    i.xTaskGetSchedulerState  tasks.o
    0x0800b8b8   0x0800b8b8   0x0000000c   Code   RO         9258    i.xTaskGetTickCount  tasks.o
    0x0800b8c4   0x0800b8c4   0x00000010   Code   RO         9259    i.xTaskGetTickCountFromISR  tasks.o
    0x0800b8d4   0x0800b8d4   0x000000cc   Code   RO         9260    i.xTaskIncrementTick  tasks.o
    0x0800b9a0   0x0800b9a0   0x00000090   Code   RO         9262    i.xTaskNotifyWait   tasks.o
    0x0800ba30   0x0800ba30   0x00000098   Code   RO         9263    i.xTaskPriorityDisinherit  tasks.o
    0x0800bac8   0x0800bac8   0x0000007c   Code   RO         9264    i.xTaskRemoveFromEventList  tasks.o
    0x0800bb44   0x0800bb44   0x000000cc   Code   RO         9266    i.xTaskResumeAll    tasks.o
    0x0800bc10   0x0800bc10   0x0000004c   Code   RO         9590    i.xTimerCreateTimerTask  timers.o
    0x0800bc5c   0x0800bc5c   0x00000068   Code   RO         9591    i.xTimerGenericCommand  timers.o
    0x0800bcc4   0x0800bcc4   0x00000300   Data   RO         2362    .constdata          protocol.o
    0x0800bfc4   0x0800bfc4   0x00000400   Data   RO         2886    .constdata          crc.o
    0x0800c3c4   0x0800c3c4   0x0000000c   Data   RO        10100    .constdata          AHRS.lib(ahrs.o)
    0x0800c3d0   0x0800c3d0   0x00000804   Data   RO        10233    .constdata          arm_cortexM4lf_math.lib(arm_common_tables.o)
    0x0800cbd4   0x0800cbd4   0x00000020   Data   RO        10450    Region$$Table       anon$$obj.o


    Execution Region RW_IRAM1 (Exec base: 0x20000000, Load base: 0x0800cbf4, Size: 0x00025518, Max: 0x00030000, ABSOLUTE, COMPRESSED[0x00000158])

    Exec Addr    Load Addr    Size         Type   Attr      Idx    E Section Name        Object

    0x20000000   COMPRESSED   0x00000014   Data   RW          463    .data               system_stm32f4xx.o
    0x20000014   COMPRESSED   0x0000002c   Data   RW          503    .data               start_task.o
    0x20000040   COMPRESSED   0x00000004   Data   RW          636    .data               stm32_tim_base.o
    0x20000044   COMPRESSED   0x00000004   Data   RW          709    .data               bsp_can.o
    0x20000048   COMPRESSED   0x00000046   Data   RW          963    .data               bmi088driver.o
    0x2000008e   COMPRESSED   0x00000002   PAD
    0x20000090   COMPRESSED   0x00000018   Data   RW         1476    .data               modeswitch_task.o
    0x200000a8   COMPRESSED   0x00000001   Data   RW         1478    .data               modeswitch_task.o
    0x200000a9   COMPRESSED   0x00000003   PAD
    0x200000ac   COMPRESSED   0x00000004   Data   RW         1595    .data               comm_task.o
    0x200000b0   COMPRESSED   0x0000003c   Data   RW         1640    .data               chassis_task.o
    0x200000ec   COMPRESSED   0x00000008   Data   RW         1732    .data               info_get_task.o
    0x200000f4   COMPRESSED   0x00000008   Data   RW         1884    .data               judge_task.o
    0x200000fc   COMPRESSED   0x00000010   Data   RW         2005    .data               motor_task.o
    0x2000010c   COMPRESSED   0x00000004   Data   RW         2196    .data               comm_8010_task.o
    0x20000110   COMPRESSED   0x00000004   Data   RW         2197    .data               comm_8010_task.o
    0x20000114   COMPRESSED   0x00000004   Data   RW         2198    .data               comm_8010_task.o
    0x20000118   COMPRESSED   0x00000004   Data   RW         2199    .data               comm_8010_task.o
    0x2000011c   COMPRESSED   0x00000004   Data   RW         2200    .data               comm_8010_task.o
    0x20000120   COMPRESSED   0x00000014   Data   RW         2209    .data               comm_8010_task.o
    0x20000134   COMPRESSED   0x00000058   Data   RW         2290    .data               imu_task.o
    0x2000018c   COMPRESSED   0x00000002   Data   RW         2363    .data               protocol.o
    0x2000018e   COMPRESSED   0x00000001   Data   RW         2523    .data               data_packet.o
    0x2000018f   COMPRESSED   0x00000001   PAD
    0x20000190   COMPRESSED   0x0000000c   Data   RW         2580    .data               judge_rx_data.o
    0x2000019c   COMPRESSED   0x0000020a   Data   RW         2653    .data               judge_tx_data.o
    0x200003a6   COMPRESSED   0x00000002   PAD
    0x200003a8   COMPRESSED   0x00000020   Data   RW         2792    .data               pc_rx_data.o
    0x200003c8   COMPRESSED   0x00000008   Data   RW         2840    .data               pc_tx_data.o
    0x200003d0   COMPRESSED   0x00000010   Data   RW         2931    .data               motor_8010.o
    0x200003e0   COMPRESSED   0x0000000c   Data   RW         3122    .data               keyboard.o
    0x200003ec   COMPRESSED   0x0000000e   Data   RW         3211    .data               remote_ctrl.o
    0x200003fa   COMPRESSED   0x00000002   PAD
    0x200003fc   COMPRESSED   0x0000000c   Data   RW         3393    .data               clamp.o
    0x20000408   COMPRESSED   0x0000001c   Data   RW         3520    .data               filter.o
    0x20000424   COMPRESSED   0x00000003   Data   RW         3523    .data               filter.o
    0x20000427   COMPRESSED   0x00000001   PAD
    0x20000428   COMPRESSED   0x00000004   Data   RW         3566    .data               delay.o
    0x2000042c   COMPRESSED   0x00000002   Data   RW         3828    .data               rc.o
    0x2000042e   COMPRESSED   0x00000010   Data   RW         6647    .data               stm32f4xx_rcc.o
    0x2000043e   COMPRESSED   0x00000002   PAD
    0x20000440   COMPRESSED   0x00000044   Data   RW         9269    .data               tasks.o
    0x20000484   COMPRESSED   0x00000014   Data   RW         9597    .data               timers.o
    0x20000498   COMPRESSED   0x00000018   Data   RW         9727    .data               heap_4.o
    0x200004b0   COMPRESSED   0x0000000c   Data   RW         9790    .data               port.o
    0x200004bc   COMPRESSED   0x00000010   Data   RW        10101    .data               AHRS.lib(ahrs.o)
    0x200004cc   COMPRESSED   0x00000004   Data   RW        10435    .data               mc_w.l(errno.o)
    0x200004d0        -       0x00000628   Zero   RW          702    .bss                bsp_can.o
    0x20000af8        -       0x0000002c   Zero   RW          961    .bss                bmi088driver.o
    0x20000b24        -       0x00000024   Zero   RW         1593    .bss                comm_task.o
    0x20000b48        -       0x00000060   Zero   RW         1637    .bss                chassis_task.o
    0x20000ba8        -       0x0000018c   Zero   RW         1800    .bss                detect_task.o
    0x20000d34        -       0x0000004c   Zero   RW         1945    .bss                controller.o
    0x20000d80        -       0x00001680   Zero   RW         2000    .bss                motor_task.o
    0x20002400        -       0x00000088   Zero   RW         2283    .bss                imu_task.o
    0x20002488        -       0x000005f4   Zero   RW         2579    .bss                judge_rx_data.o
    0x20002a7c        -       0x00000718   Zero   RW         2644    .bss                judge_tx_data.o
    0x20003194        -       0x0000000c   Zero   RW         2790    .bss                pc_rx_data.o
    0x200031a0        -       0x00000331   Zero   RW         2791    .bss                pc_rx_data.o
    0x200034d1   COMPRESSED   0x00000003   PAD
    0x200034d4        -       0x00000210   Zero   RW         2837    .bss                pc_tx_data.o
    0x200036e4        -       0x00000071   Zero   RW         2929    .bss                motor_8010.o
    0x20003755   COMPRESSED   0x00000003   PAD
    0x20003758        -       0x00000078   Zero   RW         3110    .bss                keyboard.o
    0x200037d0        -       0x00000014   Zero   RW         3209    .bss                remote_ctrl.o
    0x200037e4   COMPRESSED   0x00000004   PAD
    0x200037e8        -       0x00000140   Zero   RW         3305    .bss                pid.o
    0x20003928        -       0x00000050   Zero   RW         3306    .bss                pid.o
    0x20003978        -       0x00000104   Zero   RW         3386    .bss                clamp.o
    0x20003a7c        -       0x00000054   Zero   RW         3516    .bss                filter.o
    0x20003ad0        -       0x00000017   Zero   RW         3827    .bss                rc.o
    0x20003ae7        -       0x00000497   Zero   RW         3869    .bss                dma.o
    0x20003f7e        -       0x00000400   Zero   RW         3872    .bss                dma.o
    0x2000437e   COMPRESSED   0x00000002   PAD
    0x20004380        -       0x00000040   Zero   RW         9006    .bss                queue.o
    0x200043c0        -       0x0000012c   Zero   RW         9268    .bss                tasks.o
    0x200044ec        -       0x00000028   Zero   RW         9596    .bss                timers.o
    0x20004514        -       0x00020000   Zero   RW         9726    .bss                heap_4.o
    0x20024514   COMPRESSED   0x00000004   PAD
    0x20024518        -       0x00001000   Zero   RW         3972    STACK               startup_stm32f427_437xx.o


==============================================================================

Image component sizes


      Code (inc. data)   RO Data    RW Data    ZI Data      Debug   Object Name

        70          6          0          0          0       4812   ahrs_middleware.o
       428          4          0         70         44       6610   bmi088driver.o
       112         26          0          0          0       2651   bmi088middleware.o
       786         66          0          4       1576      11115   bsp_can.o
         0          0          0          0          0        324   bsp_trigonometry.o
       516         18          0          0          0       1992   can.o
      1628        210          0         60         96       8750   chassis_task.o
      2140        310          0         12        260      12285   clamp.o
       950         66          0         40          0       7879   comm_8010_task.o
       220         14          0          4         36       1461   comm_task.o
       300         32          0          0         76       4126   controller.o
        46          4       1024          0          0       2080   crc.o
       314          0          0          0          0       3693   data_fifo.o
       706         24          0          1          0       5852   data_packet.o
        44          6          0          4          0        703   delay.o
       122         20          0          0        396       4752   detect_task.o
      1024         96          0          0       2199       4886   dma.o
         0          0          0          0          0       7828   event_groups.o
       300         36          0         31         84       2788   filter.o
       560         28          0          0          0       1344   gpio.o
       464         22          0         24     131072       4395   heap_4.o
       696         50          0         88        136       6141   imu_task.o
       954        100          0          8          0       5593   info_get_task.o
      1056         82          0         12       1524       9231   judge_rx_data.o
       784        102          0          8          0       4948   judge_task.o
      4720        242          0        522       1816      20335   judge_tx_data.o
      1350        106          0         12        120      37543   keyboard.o
       136          0          0          0          0       3078   list.o
         0          0          0          0          0      13268   mahonyahrs.o
       164          6          0          0          0      12403   main.o
       152         16          0          0          0       2053   misc.o
       580         44          0         25          0      15492   modeswitch_task.o
       640        108          0         16        113       6345   motor_8010.o
      4544        380          0         16       5760     257683   motor_task.o
        96         20          0         32        829       3477   pc_rx_data.o
        40          8          0          8        528       2358   pc_tx_data.o
       460         20          0          0        400       5678   pid.o
       754         84          0         12          0      10957   port.o
       266         18        768          2          0       6054   protocol.o
      1828         18          0          0         64      15909   queue.o
        20          4          0          0          0        748   ramp.o
       260         30          0          2         23       1609   rc.o
       706         62          0         14         20       6429   remote_ctrl.o
       108         16          0          0          0       1456   spi.o
       480        222          0         44          0     260144   start_task.o
        36          8        428          0       4096        816   startup_stm32f427_437xx.o
       220         24          0          4          0       5017   stm32_tim_base.o
      1156         18          0          0          0       6838   stm32f4xx_can.o
       712         66          0          0          0       9009   stm32f4xx_dma.o
       116          6          0          0          0       1016   stm32f4xx_exti.o
       176          0          0          0          0       3351   stm32f4xx_gpio.o
        32          0          0          0          0     314407   stm32f4xx_it.o
       304         46          0         16          0       5853   stm32f4xx_rcc.o
        44          6          0          0          0        644   stm32f4xx_syscfg.o
       774         60          0          0          0      12113   stm32f4xx_tim.o
       652         40          0          0          0       7838   stm32f4xx_usart.o
       304         34          0         20          0       1739   system_stm32f4xx.o
      3442        276          0         68        300      31357   tasks.o
       778         26          0          0          0       3307   tim.o
       916         86          0         20         40      17271   timers.o
      1064         50          0          0          0       3498   usart.o

    ----------------------------------------------------------------------
     42304       3472       2252       1212     151624    1233332   Object Totals
         0          0         32          0          0          0   (incl. Generated)
        54          0          0         13         16          0   (incl. Padding)

    ----------------------------------------------------------------------

      Code (inc. data)   RO Data    RW Data    ZI Data      Debug   Library Member Name

      2718         84         12         16          0       9922   ahrs.o
         0          0       2052          0          0       4636   arm_common_tables.o
       120         12          0          0          0      16970   arm_cos_f32.o
       116         12          0          0          0        658   arm_sin_f32.o
       300         42          0          0          0        176   asinf.o
       684         90          0          0          0        208   atan2f.o
        20          0          0          0          0        124   fabs.o
        38          0          0          0          0        116   fpclassifyf.o
        44         12          0          0          0        464   funder.o
       120          0          0          0          0        272   sqrtf_full.o
        86          0          0          0          0          0   __dczerorl2.o
         0          0          0          0          0          0   entry.o
         0          0          0          0          0          0   entry10a.o
         0          0          0          0          0          0   entry11a.o
         4          0          0          0          0          0   entry12b.o
         8          4          0          0          0          0   entry2.o
         4          0          0          0          0          0   entry5.o
         0          0          0          0          0          0   entry7b.o
         0          0          0          0          0          0   entry8b.o
         8          4          0          0          0          0   entry9a.o
        12          6          0          4          0         68   errno.o
        30          0          0          0          0          0   handlers.o
        36          8          0          0          0         68   init.o
         0          0          0          0          0          0   iusefp.o
        30          0          0          0          0         68   llshl.o
        36          0          0          0          0         68   llsshr.o
        32          0          0          0          0         68   llushr.o
        36          0          0          0          0         68   memcpya.o
        36          0          0          0          0        108   memseta.o
        14          0          0          0          0         68   strlen.o
        48          0          0          0          0         68   cdcmple.o
        48          0          0          0          0         68   cdrcmple.o
        56          0          0          0          0         88   d2f.o
       334          0          0          0          0        148   dadd.o
       186          0          0          0          0        176   depilogue.o
       228          0          0          0          0         96   dmul.o
        38          0          0          0          0         68   f2d.o
       110          0          0          0          0        168   fepilogue.o

    ----------------------------------------------------------------------
      5592        274       2064         20          0      35010   Library Totals
        12          0          0          0          0          0   (incl. Padding)

    ----------------------------------------------------------------------

      Code (inc. data)   RO Data    RW Data    ZI Data      Debug   Library Name

      2718         84         12         16          0       9922   AHRS.lib
       236         24       2052          0          0      22264   arm_cortexM4lf_math.lib
      1206        144          0          0          0       1360   m_wm.l
       372         22          0          4          0        584   mc_w.l
      1048          0          0          0          0        880   mf_w.l

    ----------------------------------------------------------------------
      5592        274       2064         20          0      35010   Library Totals

    ----------------------------------------------------------------------

==============================================================================


      Code (inc. data)   RO Data    RW Data    ZI Data      Debug   

     47896       3746       4316       1232     151624    1231450   Grand Totals
     47896       3746       4316        344     151624    1231450   ELF Image Totals (compressed)
     47896       3746       4316        344          0          0   ROM Totals

==============================================================================

    Total RO  Size (Code + RO Data)                52212 (  50.99kB)
    Total RW  Size (RW Data + ZI Data)            152856 ( 149.27kB)
    Total ROM Size (Code + RO Data + RW Data)      52556 (  51.32kB)

==============================================================================

